Apr 27 00:40:50 PkrVMf6wzjxy1lz rsyslogd: [origin software="rsyslogd" swVersion="8.16.0" x-pid="1364" x-info="http://www.rsyslog.com"] start
Apr 27 00:40:50 PkrVMf6wzjxy1lz rsyslogd-2222: command 'KLogPermitNonKernelFacility' is currently not permitted - did you already set it via a RainerScript command (v6+ config)? [v8.16.0 try http://www.rsyslog.com/e/2222 ]
Apr 27 00:40:50 PkrVMf6wzjxy1lz rsyslogd-2307: warning: ~ action is deprecated, consider using the 'stop' statement instead [v8.16.0 try http://www.rsyslog.com/e/2307 ]
Apr 27 00:40:50 PkrVMf6wzjxy1lz rsyslogd: rsyslogd's groupid changed to 108
Apr 27 00:40:50 PkrVMf6wzjxy1lz rsyslogd: rsyslogd's userid changed to 104
Apr 27 00:40:50 PkrVMf6wzjxy1lz loadkeys[435]: Loading /etc/console-setup/cached.kmap.gz
Apr 27 00:40:50 PkrVMf6wzjxy1lz systemd-modules-load[446]: Inserted module 'iscsi_tcp'
Apr 27 00:40:50 PkrVMf6wzjxy1lz systemd[1]: Time has been changed
Apr 27 00:40:50 PkrVMf6wzjxy1lz systemd[1]: Starting Load/Save Random Seed...
Apr 27 00:40:50 PkrVMf6wzjxy1lz systemd[1]: Starting Flush Journal to Persistent Storage...
Apr 27 00:40:50 PkrVMf6wzjxy1lz systemd[1]: Starting udev Coldplug all Devices...
Apr 27 00:40:50 PkrVMf6wzjxy1lz systemd[1]: Starting Initial cloud-init job (pre-networking)...
Apr 27 00:40:50 PkrVMf6wzjxy1lz systemd[1]: Starting Create Static Device Nodes in /dev...
Apr 27 00:40:50 PkrVMf6wzjxy1lz systemd[1]: Started Load/Save Random Seed.
Apr 27 00:40:50 PkrVMf6wzjxy1lz systemd-modules-load[446]: Inserted module 'ib_iser'
Apr 27 00:40:50 PkrVMf6wzjxy1lz systemd[1]: Started LVM2 metadata daemon.
Apr 27 00:40:50 PkrVMf6wzjxy1lz systemd[1]: Started Load Kernel Modules.
Apr 27 00:40:50 PkrVMf6wzjxy1lz systemd[1]: Mounting FUSE Control File System...
Apr 27 00:40:50 PkrVMf6wzjxy1lz systemd[1]: Starting Apply Kernel Variables...
Apr 27 00:40:50 PkrVMf6wzjxy1lz systemd[1]: Mounted FUSE Control File System.
Apr 27 00:40:50 PkrVMf6wzjxy1lz systemd[1]: Started udev Coldplug all Devices.
Apr 27 00:40:50 PkrVMf6wzjxy1lz systemd[1]: Started Apply Kernel Variables.
Apr 27 00:40:50 PkrVMf6wzjxy1lz systemd[1]: Started Flush Journal to Persistent Storage.
Apr 27 00:40:50 PkrVMf6wzjxy1lz systemd[1]: Started Create Static Device Nodes in /dev.
Apr 27 00:40:50 PkrVMf6wzjxy1lz systemd[1]: Starting udev Kernel Device Manager...
Apr 27 00:40:50 PkrVMf6wzjxy1lz kernel: [    0.000000] Initializing cgroup subsys cpuset
Apr 27 00:40:50 PkrVMf6wzjxy1lz kernel: [    0.000000] Initializing cgroup subsys cpu
Apr 27 00:40:50 PkrVMf6wzjxy1lz kernel: [    0.000000] Initializing cgroup subsys cpuacct
Apr 27 00:40:50 PkrVMf6wzjxy1lz kernel: [    0.000000] Linux version 4.4.0-71-generic (buildd@lcy01-05) (gcc version 5.4.0 20160609 (Ubuntu 5.4.0-6ubuntu1~16.04.4) ) #92-Ubuntu SMP Fri Mar 24 12:59:01 UTC 2017 (Ubuntu 4.4.0-71.92-generic 4.4.49)
Apr 27 00:40:50 PkrVMf6wzjxy1lz kernel: [    0.000000] Command line: BOOT_IMAGE=/boot/vmlinuz-4.4.0-71-generic root=UUID=52c6959b-79b0-4bdd-8ed6-71e0ba782fb4 ro console=tty1 console=ttyS0 earlyprintk=ttyS0 rootdelay=300
Apr 27 00:40:50 PkrVMf6wzjxy1lz rsyslogd-2039: Could not open output pipe '/dev/xconsole':: No such file or directory [v8.16.0 try http://www.rsyslog.com/e/2039 ]
Apr 27 00:40:50 PkrVMf6wzjxy1lz rsyslogd-2007: action 'action 12' suspended, next retry is Thu Apr 27 00:41:20 2017 [v8.16.0 try http://www.rsyslog.com/e/2007 ]
Apr 27 00:40:50 PkrVMf6wzjxy1lz kernel: [    0.000000] KERNEL supported cpus:
Apr 27 00:40:50 PkrVMf6wzjxy1lz kernel: [    0.000000]   Intel GenuineIntel
Apr 27 00:40:50 PkrVMf6wzjxy1lz kernel: [    0.000000]   AMD AuthenticAMD
Apr 27 00:40:50 PkrVMf6wzjxy1lz kernel: [    0.000000]   Centaur CentaurHauls
Apr 27 00:40:50 PkrVMf6wzjxy1lz kernel: [    0.000000] x86/fpu: xstate_offset[2]:  576, xstate_sizes[2]:  256
Apr 27 00:40:50 PkrVMf6wzjxy1lz kernel: [    0.000000] x86/fpu: Supporting XSAVE feature 0x01: 'x87 floating point registers'
Apr 27 00:40:50 PkrVMf6wzjxy1lz kernel: [    0.000000] x86/fpu: Supporting XSAVE feature 0x02: 'SSE registers'
Apr 27 00:40:50 PkrVMf6wzjxy1lz kernel: [    0.000000] x86/fpu: Supporting XSAVE feature 0x04: 'AVX registers'
Apr 27 00:40:50 PkrVMf6wzjxy1lz kernel: [    0.000000] x86/fpu: Enabled xstate features 0x7, context size is 832 bytes, using 'standard' format.
Apr 27 00:40:50 PkrVMf6wzjxy1lz kernel: [    0.000000] x86/fpu: Using 'eager' FPU context switches.
Apr 27 00:40:50 PkrVMf6wzjxy1lz kernel: [    0.000000] e820: BIOS-provided physical RAM map:
Apr 27 00:40:50 PkrVMf6wzjxy1lz kernel: [    0.000000] BIOS-e820: [mem 0x0000000000000000-0x000000000009fbff] usable
Apr 27 00:40:50 PkrVMf6wzjxy1lz kernel: [    0.000000] BIOS-e820: [mem 0x000000000009fc00-0x000000000009ffff] reserved
Apr 27 00:40:50 PkrVMf6wzjxy1lz kernel: [    0.000000] BIOS-e820: [mem 0x00000000000e0000-0x00000000000fffff] reserved
Apr 27 00:40:50 PkrVMf6wzjxy1lz kernel: [    0.000000] BIOS-e820: [mem 0x0000000000100000-0x000000001ffeffff] usable
Apr 27 00:40:50 PkrVMf6wzjxy1lz kernel: [    0.000000] BIOS-e820: [mem 0x000000001fff0000-0x000000001fffefff] ACPI data
Apr 27 00:40:50 PkrVMf6wzjxy1lz kernel: [    0.000000] BIOS-e820: [mem 0x000000001ffff000-0x000000001fffffff] ACPI NVS
Apr 27 00:40:50 PkrVMf6wzjxy1lz kernel: [    0.000000] BIOS-e820: [mem 0x0000000100000000-0x00000001bfffffff] usable
Apr 27 00:40:50 PkrVMf6wzjxy1lz kernel: [    0.000000] bootconsole [earlyser0] enabled
Apr 27 00:40:50 PkrVMf6wzjxy1lz kernel: [    0.000000] NX (Execute Disable) protection: active
Apr 27 00:40:50 PkrVMf6wzjxy1lz kernel: [    0.000000] SMBIOS 2.3 present.
Apr 27 00:40:50 PkrVMf6wzjxy1lz kernel: [    0.000000] DMI: Microsoft Corporation Virtual Machine/Virtual Machine, BIOS 090006  05/23/2012
Apr 27 00:40:50 PkrVMf6wzjxy1lz kernel: [    0.000000] Hypervisor detected: Microsoft HyperV
Apr 27 00:40:50 PkrVMf6wzjxy1lz kernel: [    0.000000] HyperV: features 0xe7f, hints 0x2c
Apr 27 00:40:50 PkrVMf6wzjxy1lz kernel: [    0.000000] HyperV: LAPIC Timer Frequency: 0xc3500
Apr 27 00:40:50 PkrVMf6wzjxy1lz kernel: [    0.000000] clocksource: hyperv_clocksource: mask: 0xffffffffffffffff max_cycles: 0x24e6a1710, max_idle_ns: 440795202120 ns
Apr 27 00:40:50 PkrVMf6wzjxy1lz kernel: [    0.000000] tsc: Marking TSC unstable due to running on Hyper-V
Apr 27 00:40:50 PkrVMf6wzjxy1lz kernel: [    0.000000] e820: update [mem 0x00000000-0x00000fff] usable ==> reserved
Apr 27 00:40:50 PkrVMf6wzjxy1lz systemd[1]: Started Monitoring of LVM2 mirrors, snapshots etc. using dmeventd or progress polling.
Apr 27 00:40:50 PkrVMf6wzjxy1lz systemd[1]: Started udev Kernel Device Manager.
Apr 27 00:40:50 PkrVMf6wzjxy1lz systemd[1]: Started Dispatch Password Requests to Console Directory Watch.
Apr 27 00:40:50 PkrVMf6wzjxy1lz systemd[1]: Reached target Local File Systems (Pre).
Apr 27 00:40:50 PkrVMf6wzjxy1lz systemd[1]: Reached target Local File Systems.
Apr 27 00:40:50 PkrVMf6wzjxy1lz systemd[1]: Starting Commit a transient machine-id on disk...
Apr 27 00:40:50 PkrVMf6wzjxy1lz systemd[1]: Starting Tell Plymouth To Write Out Runtime Data...
Apr 27 00:40:50 PkrVMf6wzjxy1lz systemd[1]: Starting Create Volatile Files and Directories...
Apr 27 00:40:50 PkrVMf6wzjxy1lz systemd-tmpfiles[538]: [/usr/lib/tmpfiles.d/var.conf:14] Duplicate line for path "/var/log", ignoring.
Apr 27 00:40:50 PkrVMf6wzjxy1lz systemd[1]: Starting Set console font and keymap...
Apr 27 00:40:50 PkrVMf6wzjxy1lz systemd[1]: Starting LSB: AppArmor initialization...
Apr 27 00:40:50 PkrVMf6wzjxy1lz systemd[1]: Started Tell Plymouth To Write Out Runtime Data.
Apr 27 00:40:50 PkrVMf6wzjxy1lz systemd[1]: Started Commit a transient machine-id on disk.
Apr 27 00:40:50 PkrVMf6wzjxy1lz systemd[1]: Started Create Volatile Files and Directories.
Apr 27 00:40:50 PkrVMf6wzjxy1lz systemd[1]: Starting Network Time Synchronization...
Apr 27 00:40:50 PkrVMf6wzjxy1lz systemd[1]: Starting Update UTMP about System Boot/Shutdown...
Apr 27 00:40:50 PkrVMf6wzjxy1lz systemd[1]: Started Network Time Synchronization.
Apr 27 00:40:50 PkrVMf6wzjxy1lz systemd[1]: Reached target System Time Synchronized.
Apr 27 00:40:50 PkrVMf6wzjxy1lz apparmor[543]:  * Starting AppArmor profiles
Apr 27 00:40:50 PkrVMf6wzjxy1lz systemd[1]: Started Update UTMP about System Boot/Shutdown.
Apr 27 00:40:50 PkrVMf6wzjxy1lz systemd[1]: Found device /dev/ttyS0.
Apr 27 00:40:50 PkrVMf6wzjxy1lz apparmor[543]: Skipping profile in /etc/apparmor.d/disable: usr.sbin.rsyslogd
Apr 27 00:40:50 PkrVMf6wzjxy1lz apparmor[543]:    ...done.
Apr 27 00:40:50 PkrVMf6wzjxy1lz systemd[1]: Started LSB: AppArmor initialization.
Apr 27 00:40:50 PkrVMf6wzjxy1lz systemd[1]: Listening on Load/Save RF Kill Switch Status /dev/rfkill Watch.
Apr 27 00:40:50 PkrVMf6wzjxy1lz systemd[1]: Time has been changed
Apr 27 00:40:50 PkrVMf6wzjxy1lz systemd[1]: Started Set console font and keymap.
Apr 27 00:40:50 PkrVMf6wzjxy1lz systemd[1]: Created slice system-getty.slice.
Apr 27 00:40:50 PkrVMf6wzjxy1lz systemd[1]: Time has been changed
Apr 27 00:40:50 PkrVMf6wzjxy1lz cloud-init[484]: Cloud-init v. 0.7.9 running 'init-local' at Thu, 27 Apr 2017 00:40:26 +0000. Up 24.29 seconds.
Apr 27 00:40:50 PkrVMf6wzjxy1lz systemd[1]: Started Initial cloud-init job (pre-networking).
Apr 27 00:40:50 PkrVMf6wzjxy1lz systemd[1]: Reached target Network (Pre).
Apr 27 00:40:50 PkrVMf6wzjxy1lz systemd[1]: Starting Raise network interfaces...
Apr 27 00:40:50 PkrVMf6wzjxy1lz dhclient[891]: Internet Systems Consortium DHCP Client 4.3.3
Apr 27 00:40:50 PkrVMf6wzjxy1lz ifup[827]: Internet Systems Consortium DHCP Client 4.3.3
Apr 27 00:40:50 PkrVMf6wzjxy1lz dhclient[891]: Copyright 2004-2015 Internet Systems Consortium.
Apr 27 00:40:50 PkrVMf6wzjxy1lz ifup[827]: Copyright 2004-2015 Internet Systems Consortium.
Apr 27 00:40:50 PkrVMf6wzjxy1lz dhclient[891]: All rights reserved.
Apr 27 00:40:50 PkrVMf6wzjxy1lz ifup[827]: All rights reserved.
Apr 27 00:40:50 PkrVMf6wzjxy1lz dhclient[891]: For info, please visit https://www.isc.org/software/dhcp/
Apr 27 00:40:50 PkrVMf6wzjxy1lz ifup[827]: For info, please visit https://www.isc.org/software/dhcp/
Apr 27 00:40:50 PkrVMf6wzjxy1lz dhclient[891]: 
Apr 27 00:40:50 PkrVMf6wzjxy1lz dhclient[891]: Listening on LPF/eth0/00:0d:3a:26:3c:f0
Apr 27 00:40:50 PkrVMf6wzjxy1lz ifup[827]: Listening on LPF/eth0/00:0d:3a:26:3c:f0
Apr 27 00:40:50 PkrVMf6wzjxy1lz dhclient[891]: Sending on   LPF/eth0/00:0d:3a:26:3c:f0
Apr 27 00:40:50 PkrVMf6wzjxy1lz ifup[827]: Sending on   LPF/eth0/00:0d:3a:26:3c:f0
Apr 27 00:40:50 PkrVMf6wzjxy1lz dhclient[891]: Sending on   Socket/fallback
Apr 27 00:40:50 PkrVMf6wzjxy1lz ifup[827]: Sending on   Socket/fallback
Apr 27 00:40:50 PkrVMf6wzjxy1lz dhclient[891]: DHCPDISCOVER on eth0 to 255.255.255.255 port 67 interval 3 (xid=0x456f9e0d)
Apr 27 00:40:50 PkrVMf6wzjxy1lz ifup[827]: DHCPDISCOVER on eth0 to 255.255.255.255 port 67 interval 3 (xid=0x456f9e0d)
Apr 27 00:40:50 PkrVMf6wzjxy1lz dhclient[891]: DHCPREQUEST of 100.116.26.99 on eth0 to 255.255.255.255 port 67 (xid=0xd9e6f45)
Apr 27 00:40:50 PkrVMf6wzjxy1lz ifup[827]: DHCPREQUEST of 100.116.26.99 on eth0 to 255.255.255.255 port 67 (xid=0xd9e6f45)
Apr 27 00:40:50 PkrVMf6wzjxy1lz dhclient[891]: DHCPOFFER of 100.116.26.99 from 100.116.26.1
Apr 27 00:40:50 PkrVMf6wzjxy1lz ifup[827]: DHCPOFFER of 100.116.26.99 from 100.116.26.1
Apr 27 00:40:50 PkrVMf6wzjxy1lz dhclient[891]: DHCPACK of 100.116.26.99 from 100.116.26.1
Apr 27 00:40:50 PkrVMf6wzjxy1lz ifup[827]: DHCPACK of 100.116.26.99 from 100.116.26.1
Apr 27 00:40:50 PkrVMf6wzjxy1lz root: /etc/dhcp/dhclient-enter-hooks.d/samba returned non-zero exit status 1
Apr 27 00:40:50 PkrVMf6wzjxy1lz dhclient[891]: bound to 100.116.26.99 -- renewal in 4294967293 seconds.
Apr 27 00:40:50 PkrVMf6wzjxy1lz ifup[827]: bound to 100.116.26.99 -- renewal in 4294967293 seconds.
Apr 27 00:40:50 PkrVMf6wzjxy1lz systemd[1]: Started Raise network interfaces.
Apr 27 00:40:50 PkrVMf6wzjxy1lz systemd[1]: Reached target Network.
Apr 27 00:40:50 PkrVMf6wzjxy1lz systemd[1]: Starting Initial cloud-init job (metadata service crawler)...
Apr 27 00:40:50 PkrVMf6wzjxy1lz cloud-init[986]: + i=eth0
Apr 27 00:40:50 PkrVMf6wzjxy1lz cloud-init[986]: + x=0
Apr 27 00:40:50 PkrVMf6wzjxy1lz cloud-init[986]: + ifdown eth0
Apr 27 00:40:50 PkrVMf6wzjxy1lz dhclient[1022]: Killed old client process
Apr 27 00:40:50 PkrVMf6wzjxy1lz cloud-init[986]: Killed old client process
Apr 27 00:40:50 PkrVMf6wzjxy1lz systemd[1]: Time has been changed
Apr 27 00:40:50 PkrVMf6wzjxy1lz dhclient[1022]: Internet Systems Consortium DHCP Client 4.3.3
Apr 27 00:40:50 PkrVMf6wzjxy1lz cloud-init[986]: Internet Systems Consortium DHCP Client 4.3.3
Apr 27 00:40:50 PkrVMf6wzjxy1lz cloud-init[986]: Copyright 2004-2015 Internet Systems Consortium.
Apr 27 00:40:50 PkrVMf6wzjxy1lz cloud-init[986]: All rights reserved.
Apr 27 00:40:50 PkrVMf6wzjxy1lz cloud-init[986]: For info, please visit https://www.isc.org/software/dhcp/
Apr 27 00:40:50 PkrVMf6wzjxy1lz dhclient[1022]: Copyright 2004-2015 Internet Systems Consortium.
Apr 27 00:40:50 PkrVMf6wzjxy1lz cloud-init[986]: Listening on LPF/eth0/00:0d:3a:26:3c:f0
Apr 27 00:40:50 PkrVMf6wzjxy1lz cloud-init[986]: Sending on   LPF/eth0/00:0d:3a:26:3c:f0
Apr 27 00:40:50 PkrVMf6wzjxy1lz cloud-init[986]: Sending on   Socket/fallback
Apr 27 00:40:50 PkrVMf6wzjxy1lz dhclient[1022]: All rights reserved.
Apr 27 00:40:50 PkrVMf6wzjxy1lz dhclient[1022]: For info, please visit https://www.isc.org/software/dhcp/
Apr 27 00:40:50 PkrVMf6wzjxy1lz dhclient[1022]: 
Apr 27 00:40:50 PkrVMf6wzjxy1lz dhclient[1022]: Listening on LPF/eth0/00:0d:3a:26:3c:f0
Apr 27 00:40:50 PkrVMf6wzjxy1lz dhclient[1022]: Sending on   LPF/eth0/00:0d:3a:26:3c:f0
Apr 27 00:40:50 PkrVMf6wzjxy1lz dhclient[1022]: Sending on   Socket/fallback
Apr 27 00:40:50 PkrVMf6wzjxy1lz dhclient[1022]: DHCPRELEASE on eth0 to 100.78.232.178 port 67 (xid=0x6c7a919b)
Apr 27 00:40:50 PkrVMf6wzjxy1lz cloud-init[986]: DHCPRELEASE on eth0 to 100.78.232.178 port 67 (xid=0x6c7a919b)
Apr 27 00:40:50 PkrVMf6wzjxy1lz root: /etc/dhcp/dhclient-enter-hooks.d/samba returned non-zero exit status 1
Apr 27 00:40:50 PkrVMf6wzjxy1lz cloud-init[986]: + ifup eth0
Apr 27 00:40:50 PkrVMf6wzjxy1lz dhclient[1067]: Internet Systems Consortium DHCP Client 4.3.3
Apr 27 00:40:50 PkrVMf6wzjxy1lz cloud-init[986]: Internet Systems Consortium DHCP Client 4.3.3
Apr 27 00:40:50 PkrVMf6wzjxy1lz cloud-init[986]: Copyright 2004-2015 Internet Systems Consortium.
Apr 27 00:40:50 PkrVMf6wzjxy1lz cloud-init[986]: All rights reserved.
Apr 27 00:40:50 PkrVMf6wzjxy1lz cloud-init[986]: For info, please visit https://www.isc.org/software/dhcp/
Apr 27 00:40:50 PkrVMf6wzjxy1lz dhclient[1067]: Copyright 2004-2015 Internet Systems Consortium.
Apr 27 00:40:50 PkrVMf6wzjxy1lz cloud-init[986]: Listening on LPF/eth0/00:0d:3a:26:3c:f0
Apr 27 00:40:50 PkrVMf6wzjxy1lz cloud-init[986]: Sending on   LPF/eth0/00:0d:3a:26:3c:f0
Apr 27 00:40:50 PkrVMf6wzjxy1lz cloud-init[986]: Sending on   Socket/fallback
Apr 27 00:40:50 PkrVMf6wzjxy1lz cloud-init[986]: DHCPDISCOVER on eth0 to 255.255.255.255 port 67 interval 3 (xid=0x19580a2a)
Apr 27 00:40:50 PkrVMf6wzjxy1lz cloud-init[986]: DHCPREQUEST of 100.116.26.99 on eth0 to 255.255.255.255 port 67 (xid=0x2a0a5819)
Apr 27 00:40:50 PkrVMf6wzjxy1lz cloud-init[986]: DHCPOFFER of 100.116.26.99 from 100.116.26.1
Apr 27 00:40:50 PkrVMf6wzjxy1lz dhclient[1067]: All rights reserved.
Apr 27 00:40:50 PkrVMf6wzjxy1lz cloud-init[986]: DHCPACK of 100.116.26.99 from 100.116.26.1
Apr 27 00:40:50 PkrVMf6wzjxy1lz dhclient[1067]: For info, please visit https://www.isc.org/software/dhcp/
Apr 27 00:40:50 PkrVMf6wzjxy1lz dhclient[1067]: 
Apr 27 00:40:50 PkrVMf6wzjxy1lz dhclient[1067]: Listening on LPF/eth0/00:0d:3a:26:3c:f0
Apr 27 00:40:50 PkrVMf6wzjxy1lz dhclient[1067]: Sending on   LPF/eth0/00:0d:3a:26:3c:f0
Apr 27 00:40:50 PkrVMf6wzjxy1lz dhclient[1067]: Sending on   Socket/fallback
Apr 27 00:40:50 PkrVMf6wzjxy1lz dhclient[1067]: DHCPDISCOVER on eth0 to 255.255.255.255 port 67 interval 3 (xid=0x19580a2a)
Apr 27 00:40:50 PkrVMf6wzjxy1lz dhclient[1067]: DHCPREQUEST of 100.116.26.99 on eth0 to 255.255.255.255 port 67 (xid=0x2a0a5819)
Apr 27 00:40:50 PkrVMf6wzjxy1lz dhclient[1067]: DHCPOFFER of 100.116.26.99 from 100.116.26.1
Apr 27 00:40:50 PkrVMf6wzjxy1lz dhclient[1067]: DHCPACK of 100.116.26.99 from 100.116.26.1
Apr 27 00:40:50 PkrVMf6wzjxy1lz root: /etc/dhcp/dhclient-enter-hooks.d/samba returned non-zero exit status 1
Apr 27 00:40:50 PkrVMf6wzjxy1lz dhclient[1067]: bound to 100.116.26.99 -- renewal in 4294967294 seconds.
Apr 27 00:40:50 PkrVMf6wzjxy1lz cloud-init[986]: bound to 100.116.26.99 -- renewal in 4294967294 seconds.
Apr 27 00:40:50 PkrVMf6wzjxy1lz cloud-init[986]: + exit 0
Apr 27 00:40:50 PkrVMf6wzjxy1lz systemd[1]: Started Azure Linux Agent.
Apr 27 00:40:50 PkrVMf6wzjxy1lz python3[1167]: 2017/04/27 00:40:36.063879 INFO Azure Linux Agent Version:2.2.6
Apr 27 00:40:50 PkrVMf6wzjxy1lz python3[1167]: 2017/04/27 00:40:36.077372 INFO OS: ubuntu 16.04
Apr 27 00:40:50 PkrVMf6wzjxy1lz python3[1167]: 2017/04/27 00:40:36.088083 INFO Python: 3.5.2
Apr 27 00:40:50 PkrVMf6wzjxy1lz python3[1167]: 2017/04/27 00:40:36.097215 INFO Run daemon
Apr 27 00:40:50 PkrVMf6wzjxy1lz python3[1167]: 2017/04/27 00:40:36.109524 INFO No RDMA handler exists for distro='Ubuntu' version='16.04'
Apr 27 00:40:50 PkrVMf6wzjxy1lz python3[1167]: 2017/04/27 00:40:36.123366 INFO Clean protocol
Apr 27 00:40:50 PkrVMf6wzjxy1lz python3[1167]: 2017/04/27 00:40:36.132864 INFO run Ubuntu provision handler
Apr 27 00:40:50 PkrVMf6wzjxy1lz python3[1167]: 2017/04/27 00:40:36.144794 INFO Waiting cloud-init to copy ovf-env.xml.
Apr 27 00:40:50 PkrVMf6wzjxy1lz python3[1167]: 2017/04/27 00:40:36.165264 INFO Detect protocol endpoints
Apr 27 00:40:50 PkrVMf6wzjxy1lz python3[1167]: 2017/04/27 00:40:36.175469 INFO Clean protocol
Apr 27 00:40:50 PkrVMf6wzjxy1lz python3[1167]: 2017/04/27 00:40:36.188064 INFO WireServer endpoint is not found. Rerun dhcp handler
Apr 27 00:40:50 PkrVMf6wzjxy1lz python3[1167]: 2017/04/27 00:40:36.204740 INFO test for route to 168.63.129.16
Apr 27 00:40:50 PkrVMf6wzjxy1lz python3[1167]: 2017/04/27 00:40:36.216721 WARNING no route exists to 168.63.129.16
Apr 27 00:40:50 PkrVMf6wzjxy1lz python3[1167]: 2017/04/27 00:40:36.228316 INFO checking for dhcp lease cache
Apr 27 00:40:50 PkrVMf6wzjxy1lz python3[1167]: 2017/04/27 00:40:36.239248 INFO looking for leases in path [/var/lib/dhcp/dhclient.*.leases]
Apr 27 00:40:50 PkrVMf6wzjxy1lz python3[1167]: 2017/04/27 00:40:36.257815 INFO dhcp entry:100.116.26.11, 245:True, expired:True
Apr 27 00:40:50 PkrVMf6wzjxy1lz python3[1167]: 2017/04/27 00:40:36.272323 INFO dhcp entry:100.116.26.11, 245:True, expired:False
Apr 27 00:40:50 PkrVMf6wzjxy1lz python3[1167]: 2017/04/27 00:40:36.287464 INFO found endpoint [100.116.26.11]
Apr 27 00:40:50 PkrVMf6wzjxy1lz python3[1167]: 2017/04/27 00:40:36.303546 INFO cached endpoint found [100.116.26.11]
Apr 27 00:40:50 PkrVMf6wzjxy1lz python3[1167]: 2017/04/27 00:40:36.315273 INFO cache exists [True]
Apr 27 00:40:50 PkrVMf6wzjxy1lz python3[1167]: 2017/04/27 00:40:36.333836 INFO Wire server endpoint:100.116.26.11
Apr 27 00:40:50 PkrVMf6wzjxy1lz systemd[1]: Time has been changed
Apr 27 00:40:50 PkrVMf6wzjxy1lz python3[1167]: 2017/04/27 00:40:36.361127 INFO Fabric preferred wire protocol version:2015-04-05
Apr 27 00:40:50 PkrVMf6wzjxy1lz python3[1167]: 2017/04/27 00:40:36.374305 INFO Wire protocol version:2012-11-30
Apr 27 00:40:50 PkrVMf6wzjxy1lz python3[1167]: 2017/04/27 00:40:36.386490 WARNING Server preferred version:2015-04-05
Apr 27 00:40:50 PkrVMf6wzjxy1lz python3[1167]: 2017/04/27 00:40:41.352742 INFO Sleeping 1 second to avoid throttling.
Apr 27 00:40:50 PkrVMf6wzjxy1lz systemd[1]: Time has been changed
Apr 27 00:40:50 PkrVMf6wzjxy1lz python3[1167]: 2017/04/27 00:40:42.366004 INFO Wait for ssh host key to be generated.
Apr 27 00:40:50 PkrVMf6wzjxy1lz python3[1167]: 2017/04/27 00:40:42.382133 INFO Wait for ssh host key be generated: /etc/ssh/ssh_host_rsa_key.pub
Apr 27 00:40:50 PkrVMf6wzjxy1lz systemd[1]: Reloading.
Apr 27 00:40:50 PkrVMf6wzjxy1lz systemd[1]: Time has been changed
Apr 27 00:40:50 PkrVMf6wzjxy1lz python3[1167]: 2017/04/27 00:40:47.403540 INFO Wait for ssh host key be generated: /etc/ssh/ssh_host_rsa_key.pub
Apr 27 00:40:50 PkrVMf6wzjxy1lz cloud-init[986]: Cloud-init v. 0.7.9 running 'init' at Thu, 27 Apr 2017 00:40:30 +0000. Up 28.76 seconds.
Apr 27 00:40:50 PkrVMf6wzjxy1lz cloud-init[986]: ci-info: ++++++++++++++++++++++++++++++++++++++Net device info++++++++++++++++++++++++++++++++++++++
Apr 27 00:40:50 PkrVMf6wzjxy1lz cloud-init[986]: ci-info: +--------+------+-----------------------------+---------------+-------+-------------------+
Apr 27 00:40:50 PkrVMf6wzjxy1lz cloud-init[986]: ci-info: | Device |  Up  |           Address           |      Mask     | Scope |     Hw-Address    |
Apr 27 00:40:50 PkrVMf6wzjxy1lz cloud-init[986]: ci-info: +--------+------+-----------------------------+---------------+-------+-------------------+
Apr 27 00:40:50 PkrVMf6wzjxy1lz cloud-init[986]: ci-info: |  eth0  | True |        100.116.26.99        | 255.255.254.0 |   .   | 00:0d:3a:26:3c:f0 |
Apr 27 00:40:50 PkrVMf6wzjxy1lz cloud-init[986]: ci-info: |  eth0  | True | fe80::20d:3aff:fe26:3cf0/64 |       .       |  link | 00:0d:3a:26:3c:f0 |
Apr 27 00:40:50 PkrVMf6wzjxy1lz cloud-init[986]: ci-info: |   lo   | True |          127.0.0.1          |   255.0.0.0   |   .   |         .         |
Apr 27 00:40:50 PkrVMf6wzjxy1lz cloud-init[986]: ci-info: |   lo   | True |           ::1/128           |       .       |  host |         .         |
Apr 27 00:40:50 PkrVMf6wzjxy1lz cloud-init[986]: ci-info: +--------+------+-----------------------------+---------------+-------+-------------------+
Apr 27 00:40:50 PkrVMf6wzjxy1lz cloud-init[986]: ci-info: ++++++++++++++++++++++++++++++Route IPv4 info++++++++++++++++++++++++++++++
Apr 27 00:40:50 PkrVMf6wzjxy1lz cloud-init[986]: ci-info: +-------+--------------+--------------+---------------+-----------+-------+
Apr 27 00:40:50 PkrVMf6wzjxy1lz cloud-init[986]: ci-info: | Route | Destination  |   Gateway    |    Genmask    | Interface | Flags |
Apr 27 00:40:50 PkrVMf6wzjxy1lz cloud-init[986]: ci-info: +-------+--------------+--------------+---------------+-----------+-------+
Apr 27 00:40:50 PkrVMf6wzjxy1lz cloud-init[986]: ci-info: |   0   |   0.0.0.0    | 100.116.26.1 |    0.0.0.0    |    eth0   |   UG  |
Apr 27 00:40:50 PkrVMf6wzjxy1lz cloud-init[986]: ci-info: |   1   | 100.116.26.0 |   0.0.0.0    | 255.255.254.0 |    eth0   |   U   |
Apr 27 00:40:50 PkrVMf6wzjxy1lz cloud-init[986]: ci-info: +-------+--------------+--------------+---------------+-----------+-------+
Apr 27 00:40:50 PkrVMf6wzjxy1lz cloud-init[986]: Generating public/private rsa key pair.
Apr 27 00:40:50 PkrVMf6wzjxy1lz cloud-init[986]: Your identification has been saved in /etc/ssh/ssh_host_rsa_key.
Apr 27 00:40:50 PkrVMf6wzjxy1lz cloud-init[986]: Your public key has been saved in /etc/ssh/ssh_host_rsa_key.pub.
Apr 27 00:40:50 PkrVMf6wzjxy1lz cloud-init[986]: The key fingerprint is:
Apr 27 00:40:50 PkrVMf6wzjxy1lz cloud-init[986]: SHA256:CEOhyQmyQdiE9wELUFdcGw0q7gWFrkgHWqyxPbG8J4I root@PkrVMf6wzjxy1lz
Apr 27 00:40:50 PkrVMf6wzjxy1lz cloud-init[986]: The key's randomart image is:
Apr 27 00:40:50 PkrVMf6wzjxy1lz cloud-init[986]: +---[RSA 2048]----+
Apr 27 00:40:50 PkrVMf6wzjxy1lz cloud-init[986]: |XB+.+=o.+o       |
Apr 27 00:40:50 PkrVMf6wzjxy1lz cloud-init[986]: |=B*Bo... o.      |
Apr 27 00:40:50 PkrVMf6wzjxy1lz cloud-init[986]: |oOB==.. .        |
Apr 27 00:40:50 PkrVMf6wzjxy1lz cloud-init[986]: |+.=oo= .         |
Apr 27 00:40:50 PkrVMf6wzjxy1lz cloud-init[986]: |o..+. o S        |
Apr 27 00:40:50 PkrVMf6wzjxy1lz cloud-init[986]: |E +...           |
Apr 27 00:40:50 PkrVMf6wzjxy1lz systemd-timesyncd[555]: Synchronized to time server 91.189.89.198:123 (ntp.ubuntu.com).
Apr 27 00:40:50 PkrVMf6wzjxy1lz Hyper-V VSS: VSS starting; pid is:1299
Apr 27 00:40:50 PkrVMf6wzjxy1lz cloud-init[986]: | . o.            |
Apr 27 00:40:50 PkrVMf6wzjxy1lz cloud-init[986]: |                 |
Apr 27 00:40:50 PkrVMf6wzjxy1lz cloud-init[986]: |                 |
Apr 27 00:40:50 PkrVMf6wzjxy1lz cloud-init[986]: +----[SHA256]-----+
Apr 27 00:40:50 PkrVMf6wzjxy1lz cloud-init[986]: Generating public/private dsa key pair.
Apr 27 00:40:50 PkrVMf6wzjxy1lz cloud-init[986]: Your identification has been saved in /etc/ssh/ssh_host_dsa_key.
Apr 27 00:40:50 PkrVMf6wzjxy1lz cloud-init[986]: Your public key has been saved in /etc/ssh/ssh_host_dsa_key.pub.
Apr 27 00:40:50 PkrVMf6wzjxy1lz cloud-init[986]: The key fingerprint is:
Apr 27 00:40:50 PkrVMf6wzjxy1lz cloud-init[986]: SHA256:jaY7+EOIHT8ap0v0nK62pJFqJEJbQg01M+oSDRallUU root@PkrVMf6wzjxy1lz
Apr 27 00:40:50 PkrVMf6wzjxy1lz cloud-init[986]: The key's randomart image is:
Apr 27 00:40:50 PkrVMf6wzjxy1lz cloud-init[986]: +---[DSA 1024]----+
Apr 27 00:40:50 PkrVMf6wzjxy1lz cloud-init[986]: |.+*B+E           |
Apr 27 00:40:50 PkrVMf6wzjxy1lz cloud-init[986]: |.++o+            |
Apr 27 00:40:50 PkrVMf6wzjxy1lz cloud-init[986]: |oo.              |
Apr 27 00:40:50 PkrVMf6wzjxy1lz cloud-init[986]: |.+ ..    o       |
Apr 27 00:40:50 PkrVMf6wzjxy1lz cloud-init[986]: |o.+o.+  S .      |
Apr 27 00:40:50 PkrVMf6wzjxy1lz cloud-init[986]: |+o.o+o=+         |
Apr 27 00:40:50 PkrVMf6wzjxy1lz cloud-init[986]: |+ o oB=.         |
Apr 27 00:40:50 PkrVMf6wzjxy1lz cloud-init[986]: | o ==.o.         |
Apr 27 00:40:50 PkrVMf6wzjxy1lz cloud-init[986]: |o ..+=+o         |
Apr 27 00:40:50 PkrVMf6wzjxy1lz cloud-init[986]: +----[SHA256]-----+
Apr 27 00:40:50 PkrVMf6wzjxy1lz cloud-init[986]: Generating public/private ecdsa key pair.
Apr 27 00:40:50 PkrVMf6wzjxy1lz cloud-init[986]: Your identification has been saved in /etc/ssh/ssh_host_ecdsa_key.
Apr 27 00:40:50 PkrVMf6wzjxy1lz cloud-init[986]: Your public key has been saved in /etc/ssh/ssh_host_ecdsa_key.pub.
Apr 27 00:40:50 PkrVMf6wzjxy1lz cloud-init[986]: The key fingerprint is:
Apr 27 00:40:50 PkrVMf6wzjxy1lz cloud-init[986]: SHA256:kEJ6gMQ7RSrO49mPvh9IP5mcfVn3eGMuotyA6ulXSB4 root@PkrVMf6wzjxy1lz
Apr 27 00:40:50 PkrVMf6wzjxy1lz cloud-init[986]: The key's randomart image is:
Apr 27 00:40:50 PkrVMf6wzjxy1lz cloud-init[986]: +---[ECDSA 256]---+
Apr 27 00:40:50 PkrVMf6wzjxy1lz cloud-init[986]: |ooo..            |
Apr 27 00:40:50 PkrVMf6wzjxy1lz cloud-init[986]: |...=   .         |
Apr 27 00:40:50 PkrVMf6wzjxy1lz cloud-init[986]: |..+ o o          |
Apr 27 00:40:50 PkrVMf6wzjxy1lz cloud-init[986]: |+o . . E         |
Apr 27 00:40:50 PkrVMf6wzjxy1lz cloud-init[986]: | +..  o S  . .   |
Apr 27 00:40:50 PkrVMf6wzjxy1lz cloud-init[986]: |. = + =o..o . o  |
Apr 27 00:40:50 PkrVMf6wzjxy1lz cloud-init[986]: | o o O o.+   . = |
Apr 27 00:40:50 PkrVMf6wzjxy1lz cloud-init[986]: |    o =.o o. .+ .|
Apr 27 00:40:50 PkrVMf6wzjxy1lz cloud-init[986]: |  .+=B.  o... .. |
Apr 27 00:40:50 PkrVMf6wzjxy1lz cloud-init[986]: +----[SHA256]-----+
Apr 27 00:40:50 PkrVMf6wzjxy1lz cloud-init[986]: Generating public/private ed25519 key pair.
Apr 27 00:40:50 PkrVMf6wzjxy1lz cloud-init[986]: Your identification has been saved in /etc/ssh/ssh_host_ed25519_key.
Apr 27 00:40:50 PkrVMf6wzjxy1lz cloud-init[986]: Your public key has been saved in /etc/ssh/ssh_host_ed25519_key.pub.
Apr 27 00:40:50 PkrVMf6wzjxy1lz cloud-init[986]: The key fingerprint is:
Apr 27 00:40:50 PkrVMf6wzjxy1lz cloud-init[986]: SHA256:mRfaO03PO0IOsqAmOHYXjmrLaRkrhW8Y7l7F9BE6oSU root@PkrVMf6wzjxy1lz
Apr 27 00:40:50 PkrVMf6wzjxy1lz cloud-init[986]: The key's randomart image is:
Apr 27 00:40:50 PkrVMf6wzjxy1lz cloud-init[986]: +--[ED25519 256]--+
Apr 27 00:40:50 PkrVMf6wzjxy1lz cloud-init[986]: |   E o .         |
Apr 27 00:40:50 PkrVMf6wzjxy1lz cloud-init[986]: |    + o .        |
Apr 27 00:40:50 PkrVMf6wzjxy1lz cloud-init[986]: |   . + .  .      |
Apr 27 00:40:50 PkrVMf6wzjxy1lz cloud-init[986]: |    o o .= .     |
Apr 27 00:40:50 PkrVMf6wzjxy1lz cloud-init[986]: | .   o .S o .    |
Apr 27 00:40:50 PkrVMf6wzjxy1lz cloud-init[986]: |o.. ... ...+.o   |
Apr 27 00:40:50 PkrVMf6wzjxy1lz cloud-init[986]: |.*+.o... oo+. o  |
Apr 27 00:40:50 PkrVMf6wzjxy1lz cloud-init[986]: |*B*ooo  .  .o .. |
Apr 27 00:40:50 PkrVMf6wzjxy1lz cloud-init[986]: |BX+o.        ... |
Apr 27 00:40:50 PkrVMf6wzjxy1lz cloud-init[986]: +----[SHA256]-----+
Apr 27 00:40:50 PkrVMf6wzjxy1lz systemd[1]: Started Initial cloud-init job (metadata service crawler).
Apr 27 00:40:50 PkrVMf6wzjxy1lz Hyper-V VSS: VSS: kernel module version: 129
Apr 27 00:40:50 PkrVMf6wzjxy1lz systemd[1]: Reached target Cloud-config availability.
Apr 27 00:40:50 PkrVMf6wzjxy1lz cron[1321]: (CRON) INFO (pidfile fd = 3)
Apr 27 00:40:50 PkrVMf6wzjxy1lz systemd[1]: Reached target Network is Online.
Apr 27 00:40:50 PkrVMf6wzjxy1lz iscsid: iSCSI logger with pid=1335 started!
Apr 27 00:40:50 PkrVMf6wzjxy1lz systemd[1]: Starting iSCSI initiator daemon (iscsid)...
Apr 27 00:40:50 PkrVMf6wzjxy1lz iscsid: iSCSI daemon with pid=1336 started!
Apr 27 00:40:50 PkrVMf6wzjxy1lz systemd[1]: Reached target System Initialization.
Apr 27 00:40:50 PkrVMf6wzjxy1lz cron[1321]: (CRON) INFO (Running @reboot jobs)
Apr 27 00:40:50 PkrVMf6wzjxy1lz systemd[1]: Starting LXD - unix socket.
Apr 27 00:40:50 PkrVMf6wzjxy1lz KVP: KVP starting; pid is:1322
Apr 27 00:40:50 PkrVMf6wzjxy1lz systemd[1]: Listening on UUID daemon activation socket.
Apr 27 00:40:50 PkrVMf6wzjxy1lz KVP: KVP LIC Version: 3.1
Apr 27 00:40:50 PkrVMf6wzjxy1lz lxcfs[1315]: hierarchies:
Apr 27 00:40:50 PkrVMf6wzjxy1lz lxcfs[1315]:   0: fd:   5: hugetlb
Apr 27 00:40:50 PkrVMf6wzjxy1lz lxcfs[1315]:   1: fd:   6: perf_event
Apr 27 00:40:50 PkrVMf6wzjxy1lz lxcfs[1315]:   2: fd:   7: cpuset
Apr 27 00:40:50 PkrVMf6wzjxy1lz lxcfs[1315]:   3: fd:   8: net_cls,net_prio
Apr 27 00:40:50 PkrVMf6wzjxy1lz lxcfs[1315]:   4: fd:   9: blkio
Apr 27 00:40:50 PkrVMf6wzjxy1lz lxcfs[1315]:   5: fd:  10: cpu,cpuacct
Apr 27 00:40:50 PkrVMf6wzjxy1lz lxcfs[1315]:   6: fd:  11: pids
Apr 27 00:40:50 PkrVMf6wzjxy1lz lxcfs[1315]:   7: fd:  12: freezer
Apr 27 00:40:50 PkrVMf6wzjxy1lz lxcfs[1315]:   8: fd:  13: memory
Apr 27 00:40:50 PkrVMf6wzjxy1lz lxcfs[1315]:   9: fd:  14: devices
Apr 27 00:40:50 PkrVMf6wzjxy1lz lxcfs[1315]:  10: fd:  15: name=systemd
Apr 27 00:40:50 PkrVMf6wzjxy1lz systemd[1]: Started Trigger resolvconf update for networkd DNS.
Apr 27 00:40:50 PkrVMf6wzjxy1lz dbus[1323]: [system] AppArmor D-Bus mediation is enabled
Apr 27 00:40:50 PkrVMf6wzjxy1lz systemd[1]: Listening on D-Bus System Message Bus Socket.
Apr 27 00:40:50 PkrVMf6wzjxy1lz systemd[1]: Started Daily Cleanup of Temporary Directories.
Apr 27 00:40:50 PkrVMf6wzjxy1lz systemd[1]: apt-daily.timer: Adding 6h 28min 3.664879s random time.
Apr 27 00:40:50 PkrVMf6wzjxy1lz systemd[1]: Started Daily apt activities.
Apr 27 00:40:50 PkrVMf6wzjxy1lz systemd[1]: Starting Socket activation for snappy daemon.
Apr 27 00:40:50 PkrVMf6wzjxy1lz systemd[1]: Listening on ACPID Listen Socket.
Apr 27 00:40:50 PkrVMf6wzjxy1lz snap[1346]: auto-import is disabled on classic
Apr 27 00:40:50 PkrVMf6wzjxy1lz systemd[1]: snapd.refresh.timer: Adding 1h 59min 46.889861s random time.
Apr 27 00:40:50 PkrVMf6wzjxy1lz systemd[1]: snapd.refresh.timer: Adding 3h 38min 37.702333s random time.
Apr 27 00:40:50 PkrVMf6wzjxy1lz systemd[1]: Started Timer to automatically refresh installed snaps.
Apr 27 00:40:50 PkrVMf6wzjxy1lz systemd[1]: Reached target Timers.
Apr 27 00:40:50 PkrVMf6wzjxy1lz systemd[1]: Started ACPI Events Check.
Apr 27 00:40:50 PkrVMf6wzjxy1lz systemd[1]: Reached target Paths.
Apr 27 00:40:50 PkrVMf6wzjxy1lz HV_FCOPY: starting; pid is:1347
Apr 27 00:40:50 PkrVMf6wzjxy1lz systemd[1]: Listening on LXD - unix socket.
Apr 27 00:40:50 PkrVMf6wzjxy1lz HV_FCOPY: open /dev/vmbus/hv_fcopy failed; error: 2 No such file or directory
Apr 27 00:40:50 PkrVMf6wzjxy1lz systemd[1]: Listening on Socket activation for snappy daemon.
Apr 27 00:40:50 PkrVMf6wzjxy1lz systemd[1]: Reached target Sockets.
Apr 27 00:40:50 PkrVMf6wzjxy1lz systemd[1]: Reached target Basic System.
Apr 27 00:40:50 PkrVMf6wzjxy1lz systemd[1]: Starting /etc/rc.local Compatibility...
Apr 27 00:40:50 PkrVMf6wzjxy1lz systemd[1]: Started Hyper-V VSS Protocol Daemon.
Apr 27 00:40:50 PkrVMf6wzjxy1lz systemd[1]: Started Snappy daemon.
Apr 27 00:40:50 PkrVMf6wzjxy1lz systemd[1]: Starting LSB: Record successful boot for GRUB...
Apr 27 00:40:50 PkrVMf6wzjxy1lz systemd[1]: Started FUSE filesystem for LXC.
Apr 27 00:40:50 PkrVMf6wzjxy1lz systemd[1]: Started Deferred execution scheduler.
Apr 27 00:40:50 PkrVMf6wzjxy1lz systemd[1]: Started Regular background program processing daemon.
Apr 27 00:40:50 PkrVMf6wzjxy1lz systemd[1]: Started Hyper-V KVP Protocol Daemon.
Apr 27 00:40:50 PkrVMf6wzjxy1lz systemd[1]: Started D-Bus System Message Bus.
Apr 27 00:40:50 PkrVMf6wzjxy1lz systemd[1]: Starting Apply the settings specified in cloud-config...
Apr 27 00:40:50 PkrVMf6wzjxy1lz systemd[1]: Started Name Service Cache Daemon.
Apr 27 00:40:50 PkrVMf6wzjxy1lz systemd[1]: Starting Auto import assertions from block devices...
Apr 27 00:40:50 PkrVMf6wzjxy1lz systemd[1]: Started Hyper-V File Copy Protocol Daemon.
Apr 27 00:40:50 PkrVMf6wzjxy1lz systemd[1]: Starting Pollinate to seed the pseudo random number generator...
Apr 27 00:40:50 PkrVMf6wzjxy1lz systemd[1]: Starting Thermal Daemon Service...
Apr 27 00:40:50 PkrVMf6wzjxy1lz systemd[1]: Started ACPI event daemon.
Apr 27 00:40:50 PkrVMf6wzjxy1lz systemd[1]: Starting LXD - container startup/shutdown...
Apr 27 00:40:50 PkrVMf6wzjxy1lz systemd[1]: Starting System Logging Service...
Apr 27 00:40:50 PkrVMf6wzjxy1lz systemd[1]: Starting LSB: MD monitoring daemon...
Apr 27 00:40:50 PkrVMf6wzjxy1lz systemd[1]: Starting Accounts Service...
Apr 27 00:40:50 PkrVMf6wzjxy1lz systemd[1]: Starting Login Service...
Apr 27 00:40:50 PkrVMf6wzjxy1lz systemd[1]: Started iSCSI initiator daemon (iscsid).
Apr 27 00:40:50 PkrVMf6wzjxy1lz systemd[1]: Started /etc/rc.local Compatibility.
Apr 27 00:40:50 PkrVMf6wzjxy1lz systemd[1]: Started Auto import assertions from block devices.
Apr 27 00:40:50 PkrVMf6wzjxy1lz systemd[1]: hv-fcopy-daemon.service: Main process exited, code=exited, status=1/FAILURE
Apr 27 00:40:50 PkrVMf6wzjxy1lz systemd[1]: hv-fcopy-daemon.service: Unit entered failed state.
Apr 27 00:40:50 PkrVMf6wzjxy1lz systemd[1]: hv-fcopy-daemon.service: Failed with result 'exit-code'.
Apr 27 00:40:50 PkrVMf6wzjxy1lz mdadm[1365]:  * Starting MD monitoring service mdadm --monitor
Apr 27 00:40:50 PkrVMf6wzjxy1lz systemd[1]: Starting Login to default iSCSI targets...
Apr 27 00:40:50 PkrVMf6wzjxy1lz systemd[1]: Started Login Service.
Apr 27 00:40:50 PkrVMf6wzjxy1lz acpid: starting up with netlink and the input layer
Apr 27 00:40:50 PkrVMf6wzjxy1lz acpid: 1 rule loaded
Apr 27 00:40:50 PkrVMf6wzjxy1lz acpid: waiting for events: event logging is off
Apr 27 00:40:50 PkrVMf6wzjxy1lz iscsiadm[1400]: iscsiadm: No records found
Apr 27 00:40:50 PkrVMf6wzjxy1lz systemd[1]: Started Login to default iSCSI targets.
Apr 27 00:40:50 PkrVMf6wzjxy1lz systemd[1]: Reached target Remote File Systems (Pre).
Apr 27 00:40:50 PkrVMf6wzjxy1lz systemd[1]: Reached target Remote File Systems.
Apr 27 00:40:50 PkrVMf6wzjxy1lz systemd[1]: Starting LSB: Set the CPU Frequency Scaling governor to "ondemand"...
Apr 27 00:40:50 PkrVMf6wzjxy1lz pollinate[1352]: client sent challenge to [https://entropy.ubuntu.com/]
Apr 27 00:40:50 PkrVMf6wzjxy1lz systemd[1]: Starting LSB: daemon to balance interrupts for SMP systems...
Apr 27 00:40:50 PkrVMf6wzjxy1lz mdadm[1365]:    ...done.
Apr 27 00:40:50 PkrVMf6wzjxy1lz systemd[1]: Starting LSB: automatic crash report generation...
Apr 27 00:40:50 PkrVMf6wzjxy1lz systemd[1]: Starting Permit User Sessions...
Apr 27 00:40:50 PkrVMf6wzjxy1lz kernel: [    0.000000] e820: remove [mem 0x000a0000-0x000fffff] usable
Apr 27 00:40:50 PkrVMf6wzjxy1lz kernel: [    0.000000] e820: last_pfn = 0x1c0000 max_arch_pfn = 0x400000000
Apr 27 00:40:50 PkrVMf6wzjxy1lz kernel: [    0.000000] MTRR default type: uncachable
Apr 27 00:40:50 PkrVMf6wzjxy1lz kernel: [    0.000000] MTRR fixed ranges enabled:
Apr 27 00:40:50 PkrVMf6wzjxy1lz kernel: [    0.000000]   00000-9FFFF write-back
Apr 27 00:40:50 PkrVMf6wzjxy1lz kernel: [    0.000000]   A0000-DFFFF uncachable
Apr 27 00:40:50 PkrVMf6wzjxy1lz kernel: [    0.000000]   E0000-FFFFF write-back
Apr 27 00:40:50 PkrVMf6wzjxy1lz kernel: [    0.000000] MTRR variable ranges enabled:
Apr 27 00:40:50 PkrVMf6wzjxy1lz kernel: [    0.000000]   0 base 00000000000 mask 3FFC0000000 write-back
Apr 27 00:40:50 PkrVMf6wzjxy1lz kernel: [    0.000000]   1 base 00100000000 mask 3F000000000 write-back
Apr 27 00:40:50 PkrVMf6wzjxy1lz kernel: [    0.000000]   2 disabled
Apr 27 00:40:50 PkrVMf6wzjxy1lz kernel: [    0.000000]   3 disabled
Apr 27 00:40:50 PkrVMf6wzjxy1lz kernel: [    0.000000]   4 disabled
Apr 27 00:40:50 PkrVMf6wzjxy1lz kernel: [    0.000000]   5 disabled
Apr 27 00:40:50 PkrVMf6wzjxy1lz kernel: [    0.000000]   6 disabled
Apr 27 00:40:50 PkrVMf6wzjxy1lz kernel: [    0.000000]   7 disabled
Apr 27 00:40:50 PkrVMf6wzjxy1lz kernel: [    0.000000] x86/PAT: Configuration [0-7]: WB  WC  UC- UC  WB  WC  UC- WT  
Apr 27 00:40:50 PkrVMf6wzjxy1lz kernel: [    0.000000] e820: update [mem 0x40000000-0xffffffff] usable ==> reserved
Apr 27 00:40:50 PkrVMf6wzjxy1lz kernel: [    0.000000] e820: last_pfn = 0x1fff0 max_arch_pfn = 0x400000000
Apr 27 00:40:50 PkrVMf6wzjxy1lz kernel: [    0.000000] found SMP MP-table at [mem 0x000ff780-0x000ff78f] mapped at [ffff8800000ff780]
Apr 27 00:40:50 PkrVMf6wzjxy1lz kernel: [    0.000000] Scanning 1 areas for low memory corruption
Apr 27 00:40:50 PkrVMf6wzjxy1lz kernel: [    0.000000] Base memory trampoline at [ffff880000099000] 99000 size 24576
Apr 27 00:40:50 PkrVMf6wzjxy1lz kernel: [    0.000000] BRK [0x0220b000, 0x0220bfff] PGTABLE
Apr 27 00:40:50 PkrVMf6wzjxy1lz kernel: [    0.000000] BRK [0x0220c000, 0x0220cfff] PGTABLE
Apr 27 00:40:50 PkrVMf6wzjxy1lz kernel: [    0.000000] BRK [0x0220d000, 0x0220dfff] PGTABLE
Apr 27 00:40:50 PkrVMf6wzjxy1lz kernel: [    0.000000] BRK [0x0220e000, 0x0220efff] PGTABLE
Apr 27 00:40:50 PkrVMf6wzjxy1lz kernel: [    0.000000] BRK [0x0220f000, 0x0220ffff] PGTABLE
Apr 27 00:40:50 PkrVMf6wzjxy1lz kernel: [    0.000000] BRK [0x02210000, 0x02210fff] PGTABLE
Apr 27 00:40:50 PkrVMf6wzjxy1lz kernel: [    0.000000] RAMDISK: [mem 0x1d3f7000-0x1f780fff]
Apr 27 00:40:50 PkrVMf6wzjxy1lz kernel: [    0.000000] ACPI: Early table checksum verification disabled
Apr 27 00:40:50 PkrVMf6wzjxy1lz kernel: [    0.000000] ACPI: RSDP 0x00000000000F56F0 000014 (v00 ACPIAM)
Apr 27 00:40:50 PkrVMf6wzjxy1lz kernel: [    0.000000] ACPI: RSDT 0x000000001FFF0000 000040 (v01 VRTUAL MICROSFT 05001223 MSFT 00000097)
Apr 27 00:40:50 PkrVMf6wzjxy1lz kernel: [    0.000000] ACPI: FACP 0x000000001FFF0200 000081 (v02 VRTUAL MICROSFT 05001223 MSFT 00000097)
Apr 27 00:40:50 PkrVMf6wzjxy1lz kernel: [    0.000000] ACPI: DSDT 0x000000001FFF1724 002E78 (v01 MSFTVM MSFTVM02 00000002 INTL 02002026)
Apr 27 00:40:50 PkrVMf6wzjxy1lz kernel: [    0.000000] ACPI: FACS 0x000000001FFFF000 000040
Apr 27 00:40:50 PkrVMf6wzjxy1lz kernel: [    0.000000] ACPI: WAET 0x000000001FFF1480 000028 (v01 VRTUAL MICROSFT 05001223 MSFT 00000097)
Apr 27 00:40:50 PkrVMf6wzjxy1lz kernel: [    0.000000] ACPI: SLIC 0x000000001FFF14C0 000176 (v01 VRTUAL MICROSFT 05001223 MSFT 00000097)
Apr 27 00:40:50 PkrVMf6wzjxy1lz kernel: [    0.000000] ACPI: OEM0 0x000000001FFF16C0 000064 (v01 VRTUAL MICROSFT 05001223 MSFT 00000097)
Apr 27 00:40:50 PkrVMf6wzjxy1lz kernel: [    0.000000] ACPI: SRAT 0x000000001FFF0600 0000A0 (v02 VRTUAL MICROSFT 00000001 MSFT 00000001)
Apr 27 00:40:50 PkrVMf6wzjxy1lz kernel: [    0.000000] ACPI: APIC 0x000000001FFF0300 00024C (v01 VRTUAL MICROSFT 05001223 MSFT 00000097)
Apr 27 00:40:50 PkrVMf6wzjxy1lz kernel: [    0.000000] ACPI: OEMB 0x000000001FFFF040 000064 (v01 VRTUAL MICROSFT 05001223 MSFT 00000097)
Apr 27 00:40:50 PkrVMf6wzjxy1lz kernel: [    0.000000] ACPI: Local APIC address 0xfee00000
Apr 27 00:40:50 PkrVMf6wzjxy1lz kernel: [    0.000000] SRAT: PXM 0 -> APIC 0x00 -> Node 0
Apr 27 00:40:50 PkrVMf6wzjxy1lz kernel: [    0.000000] SRAT: PXM 0 -> APIC 0x01 -> Node 0
Apr 27 00:40:50 PkrVMf6wzjxy1lz kernel: [    0.000000] SRAT: Node 0 PXM 0 [mem 0x00000000-0x1fffffff]
Apr 27 00:40:50 PkrVMf6wzjxy1lz kernel: [    0.000000] SRAT: Node 0 PXM 0 [mem 0x100000000-0x1bfffffff]
Apr 27 00:40:50 PkrVMf6wzjxy1lz kernel: [    0.000000] NUMA: Node 0 [mem 0x00000000-0x1fffffff] + [mem 0x100000000-0x1bfffffff] -> [mem 0x00000000-0x1bfffffff]
Apr 27 00:40:50 PkrVMf6wzjxy1lz kernel: [    0.000000] NODE_DATA(0) allocated [mem 0x1bfffa000-0x1bfffefff]
Apr 27 00:40:50 PkrVMf6wzjxy1lz kernel: [    0.000000] Zone ranges:
Apr 27 00:40:50 PkrVMf6wzjxy1lz kernel: [    0.000000]   DMA      [mem 0x0000000000001000-0x0000000000ffffff]
Apr 27 00:40:50 PkrVMf6wzjxy1lz kernel: [    0.000000]   DMA32    [mem 0x0000000001000000-0x00000000ffffffff]
Apr 27 00:40:50 PkrVMf6wzjxy1lz kernel: [    0.000000]   Normal   [mem 0x0000000100000000-0x00000001bfffffff]
Apr 27 00:40:50 PkrVMf6wzjxy1lz kernel: [    0.000000]   Device   empty
Apr 27 00:40:50 PkrVMf6wzjxy1lz kernel: [    0.000000] Movable zone start for each node
Apr 27 00:40:50 PkrVMf6wzjxy1lz kernel: [    0.000000] Early memory node ranges
Apr 27 00:40:50 PkrVMf6wzjxy1lz kernel: [    0.000000]   node   0: [mem 0x0000000000001000-0x000000000009efff]
Apr 27 00:40:50 PkrVMf6wzjxy1lz kernel: [    0.000000]   node   0: [mem 0x0000000000100000-0x000000001ffeffff]
Apr 27 00:40:50 PkrVMf6wzjxy1lz kernel: [    0.000000]   node   0: [mem 0x0000000100000000-0x00000001bfffffff]
Apr 27 00:40:50 PkrVMf6wzjxy1lz kernel: [    0.000000] Initmem setup node 0 [mem 0x0000000000001000-0x00000001bfffffff]
Apr 27 00:40:50 PkrVMf6wzjxy1lz kernel: [    0.000000] On node 0 totalpages: 917390
Apr 27 00:40:50 PkrVMf6wzjxy1lz kernel: [    0.000000]   DMA zone: 64 pages used for memmap
Apr 27 00:40:50 PkrVMf6wzjxy1lz kernel: [    0.000000]   DMA zone: 21 pages reserved
Apr 27 00:40:50 PkrVMf6wzjxy1lz kernel: [    0.000000]   DMA zone: 3998 pages, LIFO batch:0
Apr 27 00:40:50 PkrVMf6wzjxy1lz kernel: [    0.000000]   DMA32 zone: 1984 pages used for memmap
Apr 27 00:40:50 PkrVMf6wzjxy1lz kernel: [    0.000000]   DMA32 zone: 126960 pages, LIFO batch:31
Apr 27 00:40:50 PkrVMf6wzjxy1lz kernel: [    0.000000]   Normal zone: 12288 pages used for memmap
Apr 27 00:40:50 PkrVMf6wzjxy1lz kernel: [    0.000000]   Normal zone: 786432 pages, LIFO batch:31
Apr 27 00:40:50 PkrVMf6wzjxy1lz kernel: [    0.000000] ACPI: PM-Timer IO Port: 0x408
Apr 27 00:40:50 PkrVMf6wzjxy1lz kernel: [    0.000000] ACPI: Local APIC address 0xfee00000
Apr 27 00:40:50 PkrVMf6wzjxy1lz kernel: [    0.000000] IOAPIC[0]: apic_id 0, version 17, address 0xfec00000, GSI 0-23
Apr 27 00:40:50 PkrVMf6wzjxy1lz kernel: [    0.000000] ACPI: INT_SRC_OVR (bus 0 bus_irq 0 global_irq 2 dfl dfl)
Apr 27 00:40:50 PkrVMf6wzjxy1lz kernel: [    0.000000] ACPI: INT_SRC_OVR (bus 0 bus_irq 9 global_irq 9 high level)
Apr 27 00:40:50 PkrVMf6wzjxy1lz kernel: [    0.000000] ACPI: IRQ0 used by override.
Apr 27 00:40:50 PkrVMf6wzjxy1lz kernel: [    0.000000] ACPI: IRQ9 used by override.
Apr 27 00:40:50 PkrVMf6wzjxy1lz kernel: [    0.000000] Using ACPI (MADT) for SMP configuration information
Apr 27 00:40:50 PkrVMf6wzjxy1lz kernel: [    0.000000] smpboot: Allowing 64 CPUs, 62 hotplug CPUs
Apr 27 00:40:50 PkrVMf6wzjxy1lz kernel: [    0.000000] PM: Registered nosave memory: [mem 0x00000000-0x00000fff]
Apr 27 00:40:50 PkrVMf6wzjxy1lz kernel: [    0.000000] PM: Registered nosave memory: [mem 0x0009f000-0x0009ffff]
Apr 27 00:40:50 PkrVMf6wzjxy1lz kernel: [    0.000000] PM: Registered nosave memory: [mem 0x000a0000-0x000dffff]
Apr 27 00:40:50 PkrVMf6wzjxy1lz kernel: [    0.000000] PM: Registered nosave memory: [mem 0x000e0000-0x000fffff]
Apr 27 00:40:50 PkrVMf6wzjxy1lz kernel: [    0.000000] PM: Registered nosave memory: [mem 0x1fff0000-0x1fffefff]
Apr 27 00:40:50 PkrVMf6wzjxy1lz kernel: [    0.000000] PM: Registered nosave memory: [mem 0x1ffff000-0x1fffffff]
Apr 27 00:40:50 PkrVMf6wzjxy1lz kernel: [    0.000000] PM: Registered nosave memory: [mem 0x20000000-0xffffffff]
Apr 27 00:40:50 PkrVMf6wzjxy1lz kernel: [    0.000000] e820: [mem 0x20000000-0xffffffff] available for PCI devices
Apr 27 00:40:50 PkrVMf6wzjxy1lz kernel: [    0.000000] Booting paravirtualized kernel on bare hardware
Apr 27 00:40:50 PkrVMf6wzjxy1lz kernel: [    0.000000] clocksource: refined-jiffies: mask: 0xffffffff max_cycles: 0xffffffff, max_idle_ns: 7645519600211568 ns
Apr 27 00:40:50 PkrVMf6wzjxy1lz kernel: [    0.000000] setup_percpu: NR_CPUS:512 nr_cpumask_bits:512 nr_cpu_ids:64 nr_node_ids:1
Apr 27 00:40:50 PkrVMf6wzjxy1lz kernel: [    0.000000] PERCPU: Embedded 33 pages/cpu @ffff8801bae00000 s98264 r8192 d28712 u262144
Apr 27 00:40:50 PkrVMf6wzjxy1lz kernel: [    0.000000] pcpu-alloc: s98264 r8192 d28712 u262144 alloc=1*2097152
Apr 27 00:40:50 PkrVMf6wzjxy1lz kernel: [    0.000000] pcpu-alloc: [0] 00 01 02 03 04 05 06 07 [0] 08 09 10 11 12 13 14 15 
Apr 27 00:40:50 PkrVMf6wzjxy1lz kernel: [    0.000000] pcpu-alloc: [0] 16 17 18 19 20 21 22 23 [0] 24 25 26 27 28 29 30 31 
Apr 27 00:40:50 PkrVMf6wzjxy1lz kernel: [    0.000000] pcpu-alloc: [0] 32 33 34 35 36 37 38 39 [0] 40 41 42 43 44 45 46 47 
Apr 27 00:40:50 PkrVMf6wzjxy1lz kernel: [    0.000000] pcpu-alloc: [0] 48 49 50 51 52 53 54 55 [0] 56 57 58 59 60 61 62 63 
Apr 27 00:40:50 PkrVMf6wzjxy1lz kernel: [    0.000000] Built 1 zonelists in Node order, mobility grouping on.  Total pages: 903033
Apr 27 00:40:50 PkrVMf6wzjxy1lz kernel: [    0.000000] Policy zone: Normal
Apr 27 00:40:50 PkrVMf6wzjxy1lz kernel: [    0.000000] Kernel command line: BOOT_IMAGE=/boot/vmlinuz-4.4.0-71-generic root=UUID=52c6959b-79b0-4bdd-8ed6-71e0ba782fb4 ro console=tty1 console=ttyS0 earlyprintk=ttyS0 rootdelay=300
Apr 27 00:40:50 PkrVMf6wzjxy1lz kernel: [    0.000000] log_buf_len individual max cpu contribution: 4096 bytes
Apr 27 00:40:50 PkrVMf6wzjxy1lz kernel: [    0.000000] log_buf_len total cpu_extra contributions: 258048 bytes
Apr 27 00:40:50 PkrVMf6wzjxy1lz kernel: [    0.000000] log_buf_len min size: 262144 bytes
Apr 27 00:40:50 PkrVMf6wzjxy1lz kernel: [    0.000000] log_buf_len: 524288 bytes
Apr 27 00:40:50 PkrVMf6wzjxy1lz kernel: [    0.000000] early log buf free: 253088(96%)
Apr 27 00:40:50 PkrVMf6wzjxy1lz kernel: [    0.000000] PID hash table entries: 4096 (order: 3, 32768 bytes)
Apr 27 00:40:50 PkrVMf6wzjxy1lz kernel: [    0.000000] Calgary: detecting Calgary via BIOS EBDA area
Apr 27 00:40:50 PkrVMf6wzjxy1lz kernel: [    0.000000] Calgary: Unable to locate Rio Grande table in EBDA - bailing!
Apr 27 00:40:50 PkrVMf6wzjxy1lz kernel: [    0.000000] Memory: 3481956K/3669560K available (8452K kernel code, 1293K rwdata, 3976K rodata, 1484K init, 1316K bss, 187604K reserved, 0K cma-reserved)
Apr 27 00:40:50 PkrVMf6wzjxy1lz kernel: [    0.000000] SLUB: HWalign=64, Order=0-3, MinObjects=0, CPUs=64, Nodes=1
Apr 27 00:40:50 PkrVMf6wzjxy1lz kernel: [    0.000000] Hierarchical RCU implementation.
Apr 27 00:40:50 PkrVMf6wzjxy1lz kernel: [    0.000000] 	Build-time adjustment of leaf fanout to 64.
Apr 27 00:40:50 PkrVMf6wzjxy1lz kernel: [    0.000000] 	RCU restricting CPUs from NR_CPUS=512 to nr_cpu_ids=64.
Apr 27 00:40:50 PkrVMf6wzjxy1lz kernel: [    0.000000] RCU: Adjusting geometry for rcu_fanout_leaf=64, nr_cpu_ids=64
Apr 27 00:40:50 PkrVMf6wzjxy1lz kernel: [    0.000000] NR_IRQS:33024 nr_irqs:936 16
Apr 27 00:40:50 PkrVMf6wzjxy1lz kernel: [    0.000000] Console: colour VGA+ 80x25
Apr 27 00:40:50 PkrVMf6wzjxy1lz kernel: [    0.000000] console [tty1] enabled
Apr 27 00:40:50 PkrVMf6wzjxy1lz kernel: [    0.000000] console [ttyS0] enabled
Apr 27 00:40:50 PkrVMf6wzjxy1lz kernel: [    0.000000] bootconsole [earlyser0] disabled
Apr 27 00:40:50 PkrVMf6wzjxy1lz kernel: [    0.000000] tsc: Fast TSC calibration failed
Apr 27 00:40:50 PkrVMf6wzjxy1lz kernel: [    0.000000] tsc: Unable to calibrate against PIT
Apr 27 00:40:50 PkrVMf6wzjxy1lz kernel: [    0.000000] tsc: using PMTIMER reference calibration
Apr 27 00:40:50 PkrVMf6wzjxy1lz kernel: [    0.000000] tsc: Detected 2394.444 MHz processor
Apr 27 00:40:50 PkrVMf6wzjxy1lz kernel: [    0.016026] Calibrating delay loop (skipped), value calculated using timer frequency.. 4788.88 BogoMIPS (lpj=9577776)
Apr 27 00:40:50 PkrVMf6wzjxy1lz kernel: [    0.018446] pid_max: default: 65536 minimum: 512
Apr 27 00:40:50 PkrVMf6wzjxy1lz kernel: [    0.020030] ACPI: Core revision 20150930
Apr 27 00:40:50 PkrVMf6wzjxy1lz kernel: [    0.022562] ACPI: 1 ACPI AML tables successfully acquired and loaded
Apr 27 00:40:50 PkrVMf6wzjxy1lz kernel: [    0.025920] Security Framework initialized
Apr 27 00:40:50 PkrVMf6wzjxy1lz kernel: [    0.027123] Yama: becoming mindful.
Apr 27 00:40:50 PkrVMf6wzjxy1lz kernel: [    0.028061] AppArmor: AppArmor initialized
Apr 27 00:40:50 PkrVMf6wzjxy1lz kernel: [    0.029480] Dentry cache hash table entries: 524288 (order: 10, 4194304 bytes)
Apr 27 00:40:50 PkrVMf6wzjxy1lz kernel: [    0.032708] Inode-cache hash table entries: 262144 (order: 9, 2097152 bytes)
Apr 27 00:40:50 PkrVMf6wzjxy1lz kernel: [    0.034380] Mount-cache hash table entries: 8192 (order: 4, 65536 bytes)
Apr 27 00:40:50 PkrVMf6wzjxy1lz kernel: [    0.036019] Mountpoint-cache hash table entries: 8192 (order: 4, 65536 bytes)
Apr 27 00:40:50 PkrVMf6wzjxy1lz kernel: [    0.037609] Initializing cgroup subsys io
Apr 27 00:40:50 PkrVMf6wzjxy1lz kernel: [    0.038799] Initializing cgroup subsys memory
Apr 27 00:40:50 PkrVMf6wzjxy1lz kernel: [    0.040034] Initializing cgroup subsys devices
Apr 27 00:40:50 PkrVMf6wzjxy1lz kernel: [    0.041338] Initializing cgroup subsys freezer
Apr 27 00:40:50 PkrVMf6wzjxy1lz kernel: [    0.042474] Initializing cgroup subsys net_cls
Apr 27 00:40:50 PkrVMf6wzjxy1lz kernel: [    0.043637] Initializing cgroup subsys perf_event
Apr 27 00:40:50 PkrVMf6wzjxy1lz kernel: [    0.044015] Initializing cgroup subsys net_prio
Apr 27 00:40:50 PkrVMf6wzjxy1lz kernel: [    0.045192] Initializing cgroup subsys hugetlb
Apr 27 00:40:50 PkrVMf6wzjxy1lz kernel: [    0.046407] Initializing cgroup subsys pids
Apr 27 00:40:50 PkrVMf6wzjxy1lz kernel: [    0.048076] CPU: Physical Processor ID: 0
Apr 27 00:40:50 PkrVMf6wzjxy1lz kernel: [    0.049263] CPU: Processor Core ID: 0
Apr 27 00:40:50 PkrVMf6wzjxy1lz kernel: [    0.051004] mce: CPU supports 1 MCE banks
Apr 27 00:40:50 PkrVMf6wzjxy1lz kernel: [    0.052027] Last level iTLB entries: 4KB 1024, 2MB 1024, 4MB 1024
Apr 27 00:40:50 PkrVMf6wzjxy1lz kernel: [    0.053300] Last level dTLB entries: 4KB 1024, 2MB 1024, 4MB 1024, 1GB 4
Apr 27 00:40:50 PkrVMf6wzjxy1lz kernel: [    0.056402] Freeing SMP alternatives memory: 32K (ffffffff820b8000 - ffffffff820c0000)
Apr 27 00:40:50 PkrVMf6wzjxy1lz kernel: [    0.061874] ftrace: allocating 32111 entries in 126 pages
Apr 27 00:40:50 PkrVMf6wzjxy1lz kernel: [    0.080114] smpboot: APIC(0) Converting physical 0 to logical package 0
Apr 27 00:40:50 PkrVMf6wzjxy1lz kernel: [    0.084014] smpboot: Max logical packages: 32
Apr 27 00:40:50 PkrVMf6wzjxy1lz kernel: [    0.088027] Switched APIC routing to physical flat.
Apr 27 00:40:50 PkrVMf6wzjxy1lz kernel: [    0.105254] ..TIMER: vector=0x30 apic1=0 pin1=2 apic2=-1 pin2=-1
Apr 27 00:40:50 PkrVMf6wzjxy1lz kernel: [    0.108078] smpboot: CPU0: Intel(R) Xeon(R) CPU E5-2673 v3 @ 2.40GHz (family: 0x6, model: 0x3f, stepping: 0x2)
Apr 27 00:40:50 PkrVMf6wzjxy1lz kernel: [    0.124011] Performance Events: unsupported p6 CPU model 63 no PMU driver, software events only.
Apr 27 00:40:50 PkrVMf6wzjxy1lz kernel: [    0.137225] NMI watchdog: disabled (cpu0): hardware events not enabled
Apr 27 00:40:50 PkrVMf6wzjxy1lz kernel: [    0.140002] NMI watchdog: Shutting down hard lockup detector on all cpus
Apr 27 00:40:50 PkrVMf6wzjxy1lz kernel: [    0.144081] x86: Booting SMP configuration:
Apr 27 00:40:50 PkrVMf6wzjxy1lz kernel: [    0.148003] .... node  #0, CPUs:        #1
Apr 27 00:40:50 PkrVMf6wzjxy1lz kernel: [    0.157064] x86: Booted up 1 node, 2 CPUs
Apr 27 00:40:50 PkrVMf6wzjxy1lz kernel: [    0.160003] smpboot: Total of 2 processors activated (9577.77 BogoMIPS)
Apr 27 00:40:50 PkrVMf6wzjxy1lz kernel: [    0.168633] devtmpfs: initialized
Apr 27 00:40:50 PkrVMf6wzjxy1lz kernel: [    0.177145] evm: security.selinux
Apr 27 00:40:50 PkrVMf6wzjxy1lz kernel: [    0.180010] evm: security.SMACK64
Apr 27 00:40:50 PkrVMf6wzjxy1lz kernel: [    0.184002] evm: security.SMACK64EXEC
Apr 27 00:40:50 PkrVMf6wzjxy1lz kernel: [    0.188003] evm: security.SMACK64TRANSMUTE
Apr 27 00:40:50 PkrVMf6wzjxy1lz kernel: [    0.192001] evm: security.SMACK64MMAP
Apr 27 00:40:50 PkrVMf6wzjxy1lz kernel: [    0.196001] evm: security.ima
Apr 27 00:40:50 PkrVMf6wzjxy1lz kernel: [    0.200001] evm: security.capability
Apr 27 00:40:50 PkrVMf6wzjxy1lz kernel: [    0.204057] PM: Registering ACPI NVS region [mem 0x1ffff000-0x1fffffff] (4096 bytes)
Apr 27 00:40:50 PkrVMf6wzjxy1lz kernel: [    0.208133] clocksource: jiffies: mask: 0xffffffff max_cycles: 0xffffffff, max_idle_ns: 7645041785100000 ns
Apr 27 00:40:50 PkrVMf6wzjxy1lz kernel: [    0.212107] pinctrl core: initialized pinctrl subsystem
Apr 27 00:40:50 PkrVMf6wzjxy1lz kernel: [    0.216289] RTC time:  0:40:01, date: 04/27/17
Apr 27 00:40:50 PkrVMf6wzjxy1lz kernel: [    0.224059] NET: Registered protocol family 16
Apr 27 00:40:50 PkrVMf6wzjxy1lz kernel: [    0.240007] cpuidle: using governor ladder
Apr 27 00:40:50 PkrVMf6wzjxy1lz kernel: [    0.256009] cpuidle: using governor menu
Apr 27 00:40:50 PkrVMf6wzjxy1lz kernel: [    0.260010] PCCT header not found.
Apr 27 00:40:50 PkrVMf6wzjxy1lz kernel: [    0.264089] ACPI: bus type PCI registered
Apr 27 00:40:50 PkrVMf6wzjxy1lz kernel: [    0.268003] acpiphp: ACPI Hot Plug PCI Controller Driver version: 0.5
Apr 27 00:40:50 PkrVMf6wzjxy1lz kernel: [    0.272270] PCI: Using configuration type 1 for base access
Apr 27 00:40:50 PkrVMf6wzjxy1lz kernel: [    0.288158] ACPI: Added _OSI(Module Device)
Apr 27 00:40:50 PkrVMf6wzjxy1lz kernel: [    0.292009] ACPI: Added _OSI(Processor Device)
Apr 27 00:40:50 PkrVMf6wzjxy1lz kernel: [    0.296002] ACPI: Added _OSI(3.0 _SCP Extensions)
Apr 27 00:40:50 PkrVMf6wzjxy1lz kernel: [    0.300003] ACPI: Added _OSI(Processor Aggregator Device)
Apr 27 00:40:50 PkrVMf6wzjxy1lz kernel: [    0.310020] ACPI: Interpreter enabled
Apr 27 00:40:50 PkrVMf6wzjxy1lz kernel: [    0.312014] ACPI: (supports S0 S5)
Apr 27 00:40:50 PkrVMf6wzjxy1lz kernel: [    0.316003] ACPI: Using IOAPIC for interrupt routing
Apr 27 00:40:50 PkrVMf6wzjxy1lz kernel: [    0.320045] PCI: Using host bridge windows from ACPI; if necessary, use "pci=nocrs" and report a bug
Apr 27 00:40:50 PkrVMf6wzjxy1lz kernel: [    0.332000] ACPI: PCI Root Bridge [PCI0] (domain 0000 [bus 00-ff])
Apr 27 00:40:50 PkrVMf6wzjxy1lz kernel: [    0.332007] acpi PNP0A03:00: _OSC: OS supports [ASPM ClockPM Segments MSI]
Apr 27 00:40:50 PkrVMf6wzjxy1lz kernel: [    0.336007] acpi PNP0A03:00: _OSC failed (AE_NOT_FOUND); disabling ASPM
Apr 27 00:40:50 PkrVMf6wzjxy1lz kernel: [    0.340010] acpi PNP0A03:00: fail to add MMCONFIG information, can't access extended PCI configuration space under this bridge.
Apr 27 00:40:50 PkrVMf6wzjxy1lz kernel: [    0.344504] PCI host bridge to bus 0000:00
Apr 27 00:40:50 PkrVMf6wzjxy1lz kernel: [    0.348004] pci_bus 0000:00: root bus resource [mem 0xfe0000000-0xfffefffff window]
Apr 27 00:40:50 PkrVMf6wzjxy1lz kernel: [    0.352004] pci_bus 0000:00: root bus resource [io  0x0000-0x0cf7 window]
Apr 27 00:40:50 PkrVMf6wzjxy1lz kernel: [    0.356002] pci_bus 0000:00: root bus resource [io  0x0d00-0xffff window]
Apr 27 00:40:50 PkrVMf6wzjxy1lz kernel: [    0.360003] pci_bus 0000:00: root bus resource [mem 0x000a0000-0x000bffff window]
Apr 27 00:40:50 PkrVMf6wzjxy1lz kernel: [    0.364005] pci_bus 0000:00: root bus resource [mem 0x20000000-0xfffbffff window]
Apr 27 00:40:50 PkrVMf6wzjxy1lz kernel: [    0.368003] pci_bus 0000:00: root bus resource [bus 00-ff]
Apr 27 00:40:50 PkrVMf6wzjxy1lz kernel: [    0.372115] pci 0000:00:00.0: [8086:7192] type 00 class 0x060000
Apr 27 00:40:50 PkrVMf6wzjxy1lz kernel: [    0.373229] pci 0000:00:07.0: [8086:7110] type 00 class 0x060100
Apr 27 00:40:50 PkrVMf6wzjxy1lz kernel: [    0.374675] pci 0000:00:07.1: [8086:7111] type 00 class 0x010180
Apr 27 00:40:50 PkrVMf6wzjxy1lz kernel: [    0.376992] pci 0000:00:07.1: reg 0x20: [io  0xffa0-0xffaf]
Apr 27 00:40:50 PkrVMf6wzjxy1lz kernel: [    0.377494] pci 0000:00:07.1: legacy IDE quirk: reg 0x10: [io  0x01f0-0x01f7]
Apr 27 00:40:50 PkrVMf6wzjxy1lz kernel: [    0.380001] pci 0000:00:07.1: legacy IDE quirk: reg 0x14: [io  0x03f6]
Apr 27 00:40:50 PkrVMf6wzjxy1lz kernel: [    0.384007] pci 0000:00:07.1: legacy IDE quirk: reg 0x18: [io  0x0170-0x0177]
Apr 27 00:40:50 PkrVMf6wzjxy1lz kernel: [    0.388003] pci 0000:00:07.1: legacy IDE quirk: reg 0x1c: [io  0x0376]
Apr 27 00:40:50 PkrVMf6wzjxy1lz kernel: [    0.392287] pci 0000:00:07.3: [8086:7113] type 00 class 0x068000
Apr 27 00:40:50 PkrVMf6wzjxy1lz kernel: [    0.392351] * Found PM-Timer Bug on the chipset. Due to workarounds for a bug,
Apr 27 00:40:50 PkrVMf6wzjxy1lz kernel: [    0.392351] * this clock source is slow. Consider trying other clock sources
Apr 27 00:40:50 PkrVMf6wzjxy1lz kernel: [    0.400733] pci 0000:00:07.3: quirk: [io  0x0400-0x043f] claimed by PIIX4 ACPI
Apr 27 00:40:50 PkrVMf6wzjxy1lz kernel: [    0.404474] pci 0000:00:08.0: [1414:5353] type 00 class 0x030000
Apr 27 00:40:50 PkrVMf6wzjxy1lz kernel: [    0.404754] pci 0000:00:08.0: reg 0x10: [mem 0xf8000000-0xfbffffff]
Apr 27 00:40:50 PkrVMf6wzjxy1lz kernel: [    0.410596] ACPI: PCI Interrupt Link [LNKA] (IRQs 3 4 5 7 9 10 *11 12 14 15)
Apr 27 00:40:50 PkrVMf6wzjxy1lz kernel: [    0.432165] ACPI: PCI Interrupt Link [LNKB] (IRQs 3 4 5 7 9 10 11 12 14 15) *0, disabled.
Apr 27 00:40:50 PkrVMf6wzjxy1lz kernel: [    0.464157] ACPI: PCI Interrupt Link [LNKC] (IRQs 3 4 5 7 9 10 11 12 14 15) *0, disabled.
Apr 27 00:40:50 PkrVMf6wzjxy1lz kernel: [    0.493659] ACPI: PCI Interrupt Link [LNKD] (IRQs 3 4 5 7 9 10 11 12 14 15) *0, disabled.
Apr 27 00:40:50 PkrVMf6wzjxy1lz kernel: [    0.521801] ACPI: Enabled 1 GPEs in block 00 to 0F
Apr 27 00:40:50 PkrVMf6wzjxy1lz kernel: [    0.524159] vgaarb: setting as boot device: PCI:0000:00:08.0
Apr 27 00:40:50 PkrVMf6wzjxy1lz kernel: [    0.528000] vgaarb: device added: PCI:0000:00:08.0,decodes=io+mem,owns=io+mem,locks=none
Apr 27 00:40:50 PkrVMf6wzjxy1lz kernel: [    0.528003] vgaarb: loaded
Apr 27 00:40:50 PkrVMf6wzjxy1lz kernel: [    0.532002] vgaarb: bridge control possible 0000:00:08.0
Apr 27 00:40:50 PkrVMf6wzjxy1lz kernel: [    0.536190] SCSI subsystem initialized
Apr 27 00:40:50 PkrVMf6wzjxy1lz kernel: [    0.540062] libata version 3.00 loaded.
Apr 27 00:40:50 PkrVMf6wzjxy1lz kernel: [    0.540062] ACPI: bus type USB registered
Apr 27 00:40:50 PkrVMf6wzjxy1lz kernel: [    0.544018] usbcore: registered new interface driver usbfs
Apr 27 00:40:50 PkrVMf6wzjxy1lz kernel: [    0.548019] usbcore: registered new interface driver hub
Apr 27 00:40:50 PkrVMf6wzjxy1lz kernel: [    0.552048] usbcore: registered new device driver usb
Apr 27 00:40:50 PkrVMf6wzjxy1lz kernel: [    0.556095] PCI: Using ACPI for IRQ routing
Apr 27 00:40:50 PkrVMf6wzjxy1lz kernel: [    0.560004] PCI: pci_cache_line_size set to 64 bytes
Apr 27 00:40:50 PkrVMf6wzjxy1lz kernel: [    0.560245] e820: reserve RAM buffer [mem 0x0009fc00-0x0009ffff]
Apr 27 00:40:50 PkrVMf6wzjxy1lz kernel: [    0.560247] e820: reserve RAM buffer [mem 0x1fff0000-0x1fffffff]
Apr 27 00:40:50 PkrVMf6wzjxy1lz kernel: [    0.560394] NetLabel: Initializing
Apr 27 00:40:50 PkrVMf6wzjxy1lz kernel: [    0.564002] NetLabel:  domain hash size = 128
Apr 27 00:40:50 PkrVMf6wzjxy1lz kernel: [    0.568004] NetLabel:  protocols = UNLABELED CIPSOv4
Apr 27 00:40:50 PkrVMf6wzjxy1lz kernel: [    0.572026] NetLabel:  unlabeled traffic allowed by default
Apr 27 00:40:50 PkrVMf6wzjxy1lz kernel: [    0.576052] amd_nb: Cannot enumerate AMD northbridges
Apr 27 00:40:50 PkrVMf6wzjxy1lz kernel: [    0.580037] clocksource: Switched to clocksource hyperv_clocksource
Apr 27 00:40:50 PkrVMf6wzjxy1lz kernel: [    0.601980] AppArmor: AppArmor Filesystem Enabled
Apr 27 00:40:50 PkrVMf6wzjxy1lz kernel: [    0.610012] pnp: PnP ACPI init
Apr 27 00:40:50 PkrVMf6wzjxy1lz kernel: [    0.615560] pnp 00:00: Plug and Play ACPI device, IDs PNP0b00 (active)
Apr 27 00:40:50 PkrVMf6wzjxy1lz kernel: [    0.615605] pnp 00:01: Plug and Play ACPI device, IDs PNP0303 PNP030b (active)
Apr 27 00:40:50 PkrVMf6wzjxy1lz kernel: [    0.615642] pnp 00:02: Plug and Play ACPI device, IDs PNP0f03 PNP0f13 (active)
Apr 27 00:40:50 PkrVMf6wzjxy1lz kernel: [    0.616063] pnp 00:03: [dma 0 disabled]
Apr 27 00:40:50 PkrVMf6wzjxy1lz kernel: [    0.616088] pnp 00:03: Plug and Play ACPI device, IDs PNP0501 (active)
Apr 27 00:40:50 PkrVMf6wzjxy1lz kernel: [    0.616487] pnp 00:04: [dma 0 disabled]
Apr 27 00:40:50 PkrVMf6wzjxy1lz kernel: [    0.616509] pnp 00:04: Plug and Play ACPI device, IDs PNP0501 (active)
Apr 27 00:40:50 PkrVMf6wzjxy1lz kernel: [    0.616905] pnp 00:05: [dma 2]
Apr 27 00:40:50 PkrVMf6wzjxy1lz kernel: [    0.616937] pnp 00:05: Plug and Play ACPI device, IDs PNP0700 (active)
Apr 27 00:40:50 PkrVMf6wzjxy1lz kernel: [    0.616970] system 00:06: [io  0x01e0-0x01ef] has been reserved
Apr 27 00:40:50 PkrVMf6wzjxy1lz kernel: [    0.629446] system 00:06: [io  0x0160-0x016f] has been reserved
Apr 27 00:40:50 PkrVMf6wzjxy1lz kernel: [    0.647255] system 00:06: [io  0x0278-0x027f] has been reserved
Apr 27 00:40:50 PkrVMf6wzjxy1lz kernel: [    0.656999] system 00:06: [io  0x0378-0x037f] has been reserved
Apr 27 00:40:50 PkrVMf6wzjxy1lz kernel: [    0.673378] system 00:06: [io  0x0678-0x067f] has been reserved
Apr 27 00:40:50 PkrVMf6wzjxy1lz kernel: [    0.688634] system 00:06: [io  0x0778-0x077f] has been reserved
Apr 27 00:40:50 PkrVMf6wzjxy1lz kernel: [    0.698213] system 00:06: [io  0x04d0-0x04d1] has been reserved
Apr 27 00:40:50 PkrVMf6wzjxy1lz kernel: [    0.707789] system 00:06: Plug and Play ACPI device, IDs PNP0c02 (active)
Apr 27 00:40:50 PkrVMf6wzjxy1lz kernel: [    0.707951] system 00:07: [io  0x0400-0x043f] has been reserved
Apr 27 00:40:50 PkrVMf6wzjxy1lz kernel: [    0.718932] system 00:07: [io  0x0370-0x0371] has been reserved
Apr 27 00:40:50 PkrVMf6wzjxy1lz kernel: [    0.740911] system 00:07: [io  0x0440-0x044f] has been reserved
Apr 27 00:40:50 PkrVMf6wzjxy1lz kernel: [    0.751584] system 00:07: [mem 0xfec00000-0xfec00fff] could not be reserved
Apr 27 00:40:50 PkrVMf6wzjxy1lz kernel: [    0.777103] system 00:07: [mem 0xfee00000-0xfee00fff] has been reserved
Apr 27 00:40:50 PkrVMf6wzjxy1lz kernel: [    0.801723] system 00:07: Plug and Play ACPI device, IDs PNP0c02 (active)
Apr 27 00:40:50 PkrVMf6wzjxy1lz kernel: [    0.801883] system 00:08: [mem 0x00000000-0x0009ffff] could not be reserved
Apr 27 00:40:50 PkrVMf6wzjxy1lz kernel: [    0.819283] system 00:08: [mem 0x000c0000-0x000dffff] could not be reserved
Apr 27 00:40:50 PkrVMf6wzjxy1lz kernel: [    0.831617] system 00:08: [mem 0x000e0000-0x000fffff] could not be reserved
Apr 27 00:40:50 PkrVMf6wzjxy1lz kernel: [    0.852109] system 00:08: [mem 0x00100000-0x1fffffff] could not be reserved
Apr 27 00:40:50 PkrVMf6wzjxy1lz kernel: [    0.872075] system 00:08: [mem 0xfffc0000-0xffffffff] has been reserved
Apr 27 00:40:50 PkrVMf6wzjxy1lz kernel: [    0.886052] system 00:08: Plug and Play ACPI device, IDs PNP0c01 (active)
Apr 27 00:40:50 PkrVMf6wzjxy1lz kernel: [    0.886250] pnp: PnP ACPI: found 9 devices
Apr 27 00:40:50 PkrVMf6wzjxy1lz kernel: [    0.915814] clocksource: acpi_pm: mask: 0xffffff max_cycles: 0xffffff, max_idle_ns: 2085701024 ns
Apr 27 00:40:50 PkrVMf6wzjxy1lz kernel: [    0.946690] pci_bus 0000:00: resource 4 [mem 0xfe0000000-0xfffefffff window]
Apr 27 00:40:50 PkrVMf6wzjxy1lz kernel: [    0.946694] pci_bus 0000:00: resource 5 [io  0x0000-0x0cf7 window]
Apr 27 00:40:50 PkrVMf6wzjxy1lz kernel: [    0.946695] pci_bus 0000:00: resource 6 [io  0x0d00-0xffff window]
Apr 27 00:40:50 PkrVMf6wzjxy1lz kernel: [    0.946697] pci_bus 0000:00: resource 7 [mem 0x000a0000-0x000bffff window]
Apr 27 00:40:50 PkrVMf6wzjxy1lz kernel: [    0.946699] pci_bus 0000:00: resource 8 [mem 0x20000000-0xfffbffff window]
Apr 27 00:40:50 PkrVMf6wzjxy1lz kernel: [    0.946771] NET: Registered protocol family 2
Apr 27 00:40:50 PkrVMf6wzjxy1lz kernel: [    0.961596] TCP established hash table entries: 32768 (order: 6, 262144 bytes)
Apr 27 00:40:50 PkrVMf6wzjxy1lz kernel: [    0.988335] TCP bind hash table entries: 32768 (order: 7, 524288 bytes)
Apr 27 00:40:50 PkrVMf6wzjxy1lz kernel: [    1.008382] TCP: Hash tables configured (established 32768 bind 32768)
Apr 27 00:40:50 PkrVMf6wzjxy1lz kernel: [    1.020692] UDP hash table entries: 2048 (order: 4, 65536 bytes)
Apr 27 00:40:50 PkrVMf6wzjxy1lz kernel: [    1.031469] UDP-Lite hash table entries: 2048 (order: 4, 65536 bytes)
Apr 27 00:40:50 PkrVMf6wzjxy1lz kernel: [    1.043705] NET: Registered protocol family 1
Apr 27 00:40:50 PkrVMf6wzjxy1lz kernel: [    1.053319] pci 0000:00:00.0: Limiting direct PCI/PCI transfers
Apr 27 00:40:50 PkrVMf6wzjxy1lz kernel: [    1.063896] pci 0000:00:08.0: Video device with shadowed ROM
Apr 27 00:40:50 PkrVMf6wzjxy1lz kernel: [    1.063920] PCI: CLS 0 bytes, default 64
Apr 27 00:40:50 PkrVMf6wzjxy1lz kernel: [    1.063970] Unpacking initramfs...
Apr 27 00:40:50 PkrVMf6wzjxy1lz kernel: [    2.305845] Freeing initrd memory: 36392K (ffff88001d3f7000 - ffff88001f781000)
Apr 27 00:40:50 PkrVMf6wzjxy1lz kernel: [    2.319022] PCI-DMA: Using software bounce buffering for IO (SWIOTLB)
Apr 27 00:40:50 PkrVMf6wzjxy1lz kernel: [    2.330447] software IO TLB [mem 0x193f7000-0x1d3f7000] (64MB) mapped at [ffff8800193f7000-ffff88001d3f6fff]
Apr 27 00:40:50 PkrVMf6wzjxy1lz kernel: [    2.346875] RAPL PMU detected, API unit is 2^-32 Joules, 3 fixed counters 10737418240 ms ovfl timer
Apr 27 00:40:50 PkrVMf6wzjxy1lz kernel: [    2.362287] hw unit of domain pp0-core 2^-0 Joules
Apr 27 00:40:50 PkrVMf6wzjxy1lz kernel: [    2.370696] hw unit of domain package 2^-0 Joules
Apr 27 00:40:50 PkrVMf6wzjxy1lz kernel: [    2.379330] hw unit of domain dram 2^-16 Joules
Apr 27 00:40:50 PkrVMf6wzjxy1lz kernel: [    2.388652] clocksource: tsc: mask: 0xffffffffffffffff max_cycles: 0x2283b729bc7, max_idle_ns: 440795325667 ns
Apr 27 00:40:50 PkrVMf6wzjxy1lz kernel: [    2.406738] Scanning for low memory corruption every 60 seconds
Apr 27 00:40:50 PkrVMf6wzjxy1lz kernel: [    2.417989] futex hash table entries: 16384 (order: 8, 1048576 bytes)
Apr 27 00:40:50 PkrVMf6wzjxy1lz kernel: [    2.429796] audit: initializing netlink subsys (disabled)
Apr 27 00:40:50 PkrVMf6wzjxy1lz kernel: [    2.439812] audit: type=2000 audit(1493253603.436:1): initialized
Apr 27 00:40:50 PkrVMf6wzjxy1lz kernel: [    2.450525] Initialise system trusted keyring
Apr 27 00:40:50 PkrVMf6wzjxy1lz kernel: [    2.458791] HugeTLB registered 2 MB page size, pre-allocated 0 pages
Apr 27 00:40:50 PkrVMf6wzjxy1lz kernel: [    2.471313] zbud: loaded
Apr 27 00:40:50 PkrVMf6wzjxy1lz kernel: [    2.476952] VFS: Disk quotas dquot_6.6.0
Apr 27 00:40:50 PkrVMf6wzjxy1lz kernel: [    2.485405] VFS: Dquot-cache hash table entries: 512 (order 0, 4096 bytes)
Apr 27 00:40:50 PkrVMf6wzjxy1lz kernel: [    2.497746] squashfs: version 4.0 (2009/01/31) Phillip Lougher
Apr 27 00:40:50 PkrVMf6wzjxy1lz kernel: [    2.508455] fuse init (API version 7.23)
Apr 27 00:40:50 PkrVMf6wzjxy1lz kernel: [    2.517197] Key type big_key registered
Apr 27 00:40:50 PkrVMf6wzjxy1lz kernel: [    2.524360] Allocating IMA MOK and blacklist keyrings.
Apr 27 00:40:50 PkrVMf6wzjxy1lz kernel: [    2.534339] Key type asymmetric registered
Apr 27 00:40:50 PkrVMf6wzjxy1lz kernel: [    2.541928] Asymmetric key parser 'x509' registered
Apr 27 00:40:50 PkrVMf6wzjxy1lz kernel: [    2.550976] Block layer SCSI generic (bsg) driver version 0.4 loaded (major 249)
Apr 27 00:40:50 PkrVMf6wzjxy1lz kernel: [    2.563708] io scheduler noop registered
Apr 27 00:40:50 PkrVMf6wzjxy1lz kernel: [    2.572484] io scheduler deadline registered (default)
Apr 27 00:40:50 PkrVMf6wzjxy1lz kernel: [    2.582940] io scheduler cfq registered
Apr 27 00:40:50 PkrVMf6wzjxy1lz kernel: [    2.590171] pci_hotplug: PCI Hot Plug PCI Core version: 0.5
Apr 27 00:40:50 PkrVMf6wzjxy1lz kernel: [    2.600191] pciehp: PCI Express Hot Plug Controller Driver version: 0.4
Apr 27 00:40:50 PkrVMf6wzjxy1lz kernel: [    2.612592] intel_idle: does not run on family 6 model 63
Apr 27 00:40:50 PkrVMf6wzjxy1lz kernel: [    2.612657] input: Power Button as /devices/LNXSYSTM:00/LNXPWRBN:00/input/input0
Apr 27 00:40:50 PkrVMf6wzjxy1lz kernel: [    2.625493] ACPI: Power Button [PWRF]
Apr 27 00:40:50 PkrVMf6wzjxy1lz kernel: [    2.632766] GHES: HEST is not enabled!
Apr 27 00:40:50 PkrVMf6wzjxy1lz kernel: [    2.639934] Serial: 8250/16550 driver, 32 ports, IRQ sharing enabled
Apr 27 00:40:50 PkrVMf6wzjxy1lz kernel: [    2.710695] 00:03: ttyS0 at I/O 0x3f8 (irq = 4, base_baud = 115200) is a 16550A
Apr 27 00:40:50 PkrVMf6wzjxy1lz kernel: [    2.792399] 00:04: ttyS1 at I/O 0x2f8 (irq = 3, base_baud = 115200) is a 16550A
Apr 27 00:40:50 PkrVMf6wzjxy1lz kernel: [    2.809423] Linux agpgart interface v0.103
Apr 27 00:40:50 PkrVMf6wzjxy1lz kernel: [    2.819294] loop: module loaded
Apr 27 00:40:50 PkrVMf6wzjxy1lz kernel: [    2.825758] ata_piix 0000:00:07.1: version 2.13
Apr 27 00:40:50 PkrVMf6wzjxy1lz kernel: [    2.825883] ata_piix 0000:00:07.1: Hyper-V Virtual Machine detected, ATA device ignore set
Apr 27 00:40:50 PkrVMf6wzjxy1lz kernel: [    2.845506] scsi host0: ata_piix
Apr 27 00:40:50 PkrVMf6wzjxy1lz kernel: [    2.852363] scsi host1: ata_piix
Apr 27 00:40:50 PkrVMf6wzjxy1lz kernel: [    2.860827] ata1: PATA max UDMA/33 cmd 0x1f0 ctl 0x3f6 bmdma 0xffa0 irq 14
Apr 27 00:40:50 PkrVMf6wzjxy1lz kernel: [    2.874665] ata2: PATA max UDMA/33 cmd 0x170 ctl 0x376 bmdma 0xffa8 irq 15
Apr 27 00:40:50 PkrVMf6wzjxy1lz kernel: [    2.887748] libphy: Fixed MDIO Bus: probed
Apr 27 00:40:50 PkrVMf6wzjxy1lz kernel: [    2.895463] tun: Universal TUN/TAP device driver, 1.6
Apr 27 00:40:50 PkrVMf6wzjxy1lz kernel: [    2.912230] tun: (C) 1999-2004 Max Krasnyansky <maxk@qualcomm.com>
Apr 27 00:40:50 PkrVMf6wzjxy1lz kernel: [    2.922886] PPP generic driver version 2.4.2
Apr 27 00:40:50 PkrVMf6wzjxy1lz kernel: [    2.928365] ehci_hcd: USB 2.0 'Enhanced' Host Controller (EHCI) Driver
Apr 27 00:40:50 PkrVMf6wzjxy1lz kernel: [    2.940014] ehci-pci: EHCI PCI platform driver
Apr 27 00:40:50 PkrVMf6wzjxy1lz kernel: [    2.948149] ehci-platform: EHCI generic platform driver
Apr 27 00:40:50 PkrVMf6wzjxy1lz kernel: [    2.958292] ohci_hcd: USB 1.1 'Open' Host Controller (OHCI) Driver
Apr 27 00:40:50 PkrVMf6wzjxy1lz kernel: [    2.971508] ohci-pci: OHCI PCI platform driver
Apr 27 00:40:50 PkrVMf6wzjxy1lz kernel: [    2.979879] ohci-platform: OHCI generic platform driver
Apr 27 00:40:50 PkrVMf6wzjxy1lz kernel: [    2.996273] uhci_hcd: USB Universal Host Controller Interface driver
Apr 27 00:40:50 PkrVMf6wzjxy1lz kernel: [    3.011409] i8042: PNP: PS/2 Controller [PNP0303:PS2K,PNP0f03:PS2M] at 0x60,0x64 irq 1,12
Apr 27 00:40:50 PkrVMf6wzjxy1lz kernel: [    3.035879] serio: i8042 KBD port at 0x60,0x64 irq 1
Apr 27 00:40:50 PkrVMf6wzjxy1lz kernel: [    3.043841] ata2.00: ATAPI: Virtual CD, , max MWDMA2
Apr 27 00:40:50 PkrVMf6wzjxy1lz kernel: [    3.045483] ata2.00: configured for MWDMA2
Apr 27 00:40:50 PkrVMf6wzjxy1lz kernel: [    3.051988] ata1.01: host indicates ignore ATA devices, ignored
Apr 27 00:40:50 PkrVMf6wzjxy1lz kernel: [    3.052851] ata1.00: host indicates ignore ATA devices, ignored
Apr 27 00:40:50 PkrVMf6wzjxy1lz kernel: [    3.053996] scsi 1:0:0:0: CD-ROM            Msft     Virtual CD/ROM   1.0  PQ: 0 ANSI: 5
Apr 27 00:40:50 PkrVMf6wzjxy1lz kernel: [    3.056437] sr 1:0:0:0: [sr0] scsi3-mmc drive: 0x/0x tray
Apr 27 00:40:50 PkrVMf6wzjxy1lz kernel: [    3.056438] cdrom: Uniform CD-ROM driver Revision: 3.20
Apr 27 00:40:50 PkrVMf6wzjxy1lz kernel: [    3.056528] sr 1:0:0:0: Attached scsi CD-ROM sr0
Apr 27 00:40:50 PkrVMf6wzjxy1lz kernel: [    3.057106] sr 1:0:0:0: Attached scsi generic sg0 type 5
Apr 27 00:40:50 PkrVMf6wzjxy1lz kernel: [    3.178127] serio: i8042 AUX port at 0x60,0x64 irq 12
Apr 27 00:40:50 PkrVMf6wzjxy1lz kernel: [    3.193673] mousedev: PS/2 mouse device common for all mice
Apr 27 00:40:50 PkrVMf6wzjxy1lz kernel: [    3.208268] rtc_cmos 00:00: RTC can wake from S4
Apr 27 00:40:50 PkrVMf6wzjxy1lz kernel: [    3.252017] input: AT Translated Set 2 keyboard as /devices/platform/i8042/serio0/input/input1
Apr 27 00:40:50 PkrVMf6wzjxy1lz kernel: [    3.270501] rtc_cmos 00:00: rtc core: registered rtc_cmos as rtc0
Apr 27 00:40:50 PkrVMf6wzjxy1lz kernel: [    3.289307] rtc_cmos 00:00: alarms up to one month, 114 bytes nvram
Apr 27 00:40:50 PkrVMf6wzjxy1lz kernel: [    3.301731] i2c /dev entries driver
Apr 27 00:40:50 PkrVMf6wzjxy1lz kernel: [    3.322522] device-mapper: uevent: version 1.0.3
Apr 27 00:40:50 PkrVMf6wzjxy1lz kernel: [    3.338243] device-mapper: ioctl: 4.34.0-ioctl (2015-10-28) initialised: dm-devel@redhat.com
Apr 27 00:40:50 PkrVMf6wzjxy1lz kernel: [    3.354793] ledtrig-cpu: registered to indicate activity on CPUs
Apr 27 00:40:50 PkrVMf6wzjxy1lz kernel: [    3.365766] NET: Registered protocol family 10
Apr 27 00:40:50 PkrVMf6wzjxy1lz kernel: [    3.374482] NET: Registered protocol family 17
Apr 27 00:40:50 PkrVMf6wzjxy1lz kernel: [    3.382632] Key type dns_resolver registered
Apr 27 00:40:50 PkrVMf6wzjxy1lz kernel: [    3.390704] microcode: CPU0 sig=0x306f2, pf=0x1, revision=0xffffffff
Apr 27 00:40:50 PkrVMf6wzjxy1lz kernel: [    3.407574] microcode: CPU1 sig=0x306f2, pf=0x1, revision=0xffffffff
Apr 27 00:40:50 PkrVMf6wzjxy1lz kernel: [    3.418737] microcode: Microcode Update Driver: v2.01 <tigran@aivazian.fsnet.co.uk>, Peter Oruba
Apr 27 00:40:50 PkrVMf6wzjxy1lz kernel: [    3.434133] registered taskstats version 1
Apr 27 00:40:50 PkrVMf6wzjxy1lz kernel: [    3.442369] Loading compiled-in X.509 certificates
Apr 27 00:40:50 PkrVMf6wzjxy1lz kernel: [    3.464672] Loaded X.509 cert 'Build time autogenerated kernel key: 812d956779f79f89ad448268b75be2bbdc5d2bc7'
Apr 27 00:40:50 PkrVMf6wzjxy1lz kernel: [    3.483666] zswap: loaded using pool lzo/zbud
Apr 27 00:40:50 PkrVMf6wzjxy1lz kernel: [    3.496876] Key type trusted registered
Apr 27 00:40:50 PkrVMf6wzjxy1lz kernel: [    3.507548] Key type encrypted registered
Apr 27 00:40:50 PkrVMf6wzjxy1lz kernel: [    3.515535] AppArmor: AppArmor sha1 policy hashing enabled
Apr 27 00:40:50 PkrVMf6wzjxy1lz kernel: [    3.526719] ima: No TPM chip found, activating TPM-bypass!
Apr 27 00:40:50 PkrVMf6wzjxy1lz kernel: [    3.537212] evm: HMAC attrs: 0x1
Apr 27 00:40:50 PkrVMf6wzjxy1lz kernel: [    3.543981]   Magic number: 13:146:659
Apr 27 00:40:50 PkrVMf6wzjxy1lz kernel: [    3.553888] rtc_cmos 00:00: setting system clock to 2017-04-27 00:40:05 UTC (1493253605)
Apr 27 00:40:50 PkrVMf6wzjxy1lz kernel: [    3.568440] BIOS EDD facility v0.16 2004-Jun-25, 0 devices found
Apr 27 00:40:50 PkrVMf6wzjxy1lz kernel: [    3.580253] EDD information not available.
Apr 27 00:40:50 PkrVMf6wzjxy1lz kernel: [    3.588969] PM: Hibernation image not present or could not be loaded.
Apr 27 00:40:50 PkrVMf6wzjxy1lz kernel: [    3.592827] Freeing unused kernel memory: 1484K (ffffffff81f45000 - ffffffff820b8000)
Apr 27 00:40:50 PkrVMf6wzjxy1lz kernel: [    3.608118] Write protecting the kernel read-only data: 14336k
Apr 27 00:40:50 PkrVMf6wzjxy1lz kernel: [    3.618946] Freeing unused kernel memory: 1776K (ffff880001844000 - ffff880001a00000)
Apr 27 00:40:50 PkrVMf6wzjxy1lz kernel: [    3.635285] Freeing unused kernel memory: 120K (ffff880001de2000 - ffff880001e00000)
Apr 27 00:40:50 PkrVMf6wzjxy1lz kernel: [    3.681593] random: systemd-udevd: uninitialized urandom read (16 bytes read, 4 bits of entropy available)
Apr 27 00:40:50 PkrVMf6wzjxy1lz kernel: [    3.682461] random: udevadm: uninitialized urandom read (16 bytes read, 4 bits of entropy available)
Apr 27 00:40:50 PkrVMf6wzjxy1lz kernel: [    3.682525] random: udevadm: uninitialized urandom read (16 bytes read, 4 bits of entropy available)
Apr 27 00:40:50 PkrVMf6wzjxy1lz kernel: [    3.682746] random: udevadm: uninitialized urandom read (16 bytes read, 4 bits of entropy available)
Apr 27 00:40:50 PkrVMf6wzjxy1lz kernel: [    3.682812] random: udevadm: uninitialized urandom read (16 bytes read, 4 bits of entropy available)
Apr 27 00:40:50 PkrVMf6wzjxy1lz kernel: [    3.682882] random: udevadm: uninitialized urandom read (16 bytes read, 4 bits of entropy available)
Apr 27 00:40:50 PkrVMf6wzjxy1lz kernel: [    3.682948] random: udevadm: uninitialized urandom read (16 bytes read, 4 bits of entropy available)
Apr 27 00:40:50 PkrVMf6wzjxy1lz kernel: [    3.683017] random: udevadm: uninitialized urandom read (16 bytes read, 4 bits of entropy available)
Apr 27 00:40:50 PkrVMf6wzjxy1lz kernel: [    3.695238] random: udevadm: uninitialized urandom read (16 bytes read, 4 bits of entropy available)
Apr 27 00:40:50 PkrVMf6wzjxy1lz kernel: [    3.695414] random: udevadm: uninitialized urandom read (16 bytes read, 4 bits of entropy available)
Apr 27 00:40:50 PkrVMf6wzjxy1lz kernel: [    3.886895] FUJITSU Extended Socket Network Device Driver - version 1.0 - Copyright (c) 2015 FUJITSU LIMITED
Apr 27 00:40:50 PkrVMf6wzjxy1lz kernel: [    3.922748] clocksource: hyperv_clocksource_tsc_page: mask: 0xffffffffffffffff max_cycles: 0x24e6a1710, max_idle_ns: 440795202120 ns
Apr 27 00:40:50 PkrVMf6wzjxy1lz kernel: [    3.946760] clocksource: Switched to clocksource hyperv_clocksource_tsc_page
Apr 27 00:40:50 PkrVMf6wzjxy1lz kernel: [    3.982082] hv_vmbus: Hyper-V Host Build:9600-6.3-18-0.18190; Vmbus version:3.0
Apr 27 00:40:50 PkrVMf6wzjxy1lz kernel: [    4.028714] hv_vmbus: registering driver hyperv_fb
Apr 27 00:40:50 PkrVMf6wzjxy1lz kernel: [    4.063834] Floppy drive(s): fd0 is 1.44M
Apr 27 00:40:50 PkrVMf6wzjxy1lz kernel: [    4.075090] hyperv_fb: Screen resolution: 1152x864, Color depth: 32
Apr 27 00:40:50 PkrVMf6wzjxy1lz kernel: [    4.120767] Console: switching to colour frame buffer device 144x54
Apr 27 00:40:50 PkrVMf6wzjxy1lz kernel: [    4.142804] FDC 0 is an 82078.
Apr 27 00:40:50 PkrVMf6wzjxy1lz kernel: [    4.160150] hv_utils: Registering HyperV Utility Driver
Apr 27 00:40:50 PkrVMf6wzjxy1lz kernel: [    4.160151] hv_vmbus: registering driver hv_util
Apr 27 00:40:50 PkrVMf6wzjxy1lz kernel: [    4.191530] hv_vmbus: registering driver hyperv_keyboard
Apr 27 00:40:50 PkrVMf6wzjxy1lz kernel: [    4.205773] hv_vmbus: registering driver hv_storvsc
Apr 27 00:40:50 PkrVMf6wzjxy1lz kernel: [    4.223778] hidraw: raw HID events driver (C) Jiri Kosina
Apr 27 00:40:50 PkrVMf6wzjxy1lz kernel: [    4.252261] hv_vmbus: registering driver hid_hyperv
Apr 27 00:40:50 PkrVMf6wzjxy1lz kernel: [    4.252395] AVX2 version of gcm_enc/dec engaged.
Apr 27 00:40:50 PkrVMf6wzjxy1lz kernel: [    4.252396] AES CTR mode by8 optimization enabled
Apr 27 00:40:50 PkrVMf6wzjxy1lz kernel: [    4.306899] scsi host2: storvsc_host_t
Apr 27 00:40:50 PkrVMf6wzjxy1lz kernel: [    4.319020] hv_vmbus: registering driver hv_netvsc
Apr 27 00:40:50 PkrVMf6wzjxy1lz kernel: [    4.329680] scsi 2:0:0:0: Direct-Access     Msft     Virtual Disk     1.0  PQ: 0 ANSI: 4
Apr 27 00:40:50 PkrVMf6wzjxy1lz kernel: [    4.344339] sd 2:0:0:0: Attached scsi generic sg1 type 0
Apr 27 00:40:50 PkrVMf6wzjxy1lz kernel: [    4.352850] sd 2:0:0:0: [sda] 62914560 512-byte logical blocks: (32.2 GB/30.0 GiB)
Apr 27 00:40:50 PkrVMf6wzjxy1lz kernel: [    4.366841] sd 2:0:0:0: [sda] Write Protect is off
Apr 27 00:40:50 PkrVMf6wzjxy1lz kernel: [    4.374907] sd 2:0:0:0: [sda] Mode Sense: 0f 00 10 00
Apr 27 00:40:50 PkrVMf6wzjxy1lz kernel: [    4.375121] scsi host3: storvsc_host_t
Apr 27 00:40:50 PkrVMf6wzjxy1lz kernel: [    4.381970] sd 2:0:0:0: [sda] Write cache: enabled, read cache: enabled, supports DPO and FUA
Apr 27 00:40:50 PkrVMf6wzjxy1lz kernel: [    4.395287] scsi 3:0:1:0: Direct-Access     Msft     Virtual Disk     1.0  PQ: 0 ANSI: 4
Apr 27 00:40:50 PkrVMf6wzjxy1lz kernel: [    4.410140] sd 3:0:1:0: [sdb] 283115520 512-byte logical blocks: (145 GB/135 GiB)
Apr 27 00:40:50 PkrVMf6wzjxy1lz kernel: [    4.424857] sd 3:0:1:0: Attached scsi generic sg2 type 0
Apr 27 00:40:50 PkrVMf6wzjxy1lz kernel: [    4.434543] sd 3:0:1:0: [sdb] Write Protect is off
Apr 27 00:40:50 PkrVMf6wzjxy1lz kernel: [    4.442470] sd 3:0:1:0: [sdb] Mode Sense: 0f 00 10 00
Apr 27 00:40:50 PkrVMf6wzjxy1lz kernel: [    4.442633] sd 3:0:1:0: [sdb] Write cache: enabled, read cache: enabled, supports DPO and FUA
Apr 27 00:40:50 PkrVMf6wzjxy1lz kernel: [    4.456206]  sda: sda1
Apr 27 00:40:50 PkrVMf6wzjxy1lz kernel: [    4.461224] scsi host4: storvsc_host_t
Apr 27 00:40:50 PkrVMf6wzjxy1lz kernel: [    4.468672] sd 2:0:0:0: [sda] Attached SCSI disk
Apr 27 00:40:50 PkrVMf6wzjxy1lz kernel: [    4.468805] scsi host5: storvsc_host_t
Apr 27 00:40:50 PkrVMf6wzjxy1lz kernel: [    4.484105]  sdb: sdb1
Apr 27 00:40:50 PkrVMf6wzjxy1lz kernel: [    4.488494] hv_utils: Using TimeSync version 3.0
Apr 27 00:40:50 PkrVMf6wzjxy1lz kernel: [    4.499303] input: Microsoft Vmbus HID-compliant Mouse as /devices/0006:045E:0621.0001/input/input4
Apr 27 00:40:50 PkrVMf6wzjxy1lz kernel: [    4.515153] hid 0006:045E:0621.0001: input: <UNKNOWN> HID v0.01 Mouse [Microsoft Vmbus HID-compliant Mouse] on 
Apr 27 00:40:50 PkrVMf6wzjxy1lz kernel: [    4.532779] sd 3:0:1:0: [sdb] Attached SCSI disk
Apr 27 00:40:50 PkrVMf6wzjxy1lz kernel: [    4.541415] psmouse serio1: trackpoint: failed to get extended button data
Apr 27 00:40:50 PkrVMf6wzjxy1lz kernel: [    4.563624] hv_netvsc: hv_netvsc channel opened successfully
Apr 27 00:40:50 PkrVMf6wzjxy1lz kernel: [    4.599140] hv_netvsc 000d3a26-3cf0-000d-3a26-3cf0000d3a26: Send section size: 6144, Section count:2560
Apr 27 00:40:50 PkrVMf6wzjxy1lz kernel: [    4.621769] hv_netvsc 000d3a26-3cf0-000d-3a26-3cf0000d3a26: Device MAC 00:0d:3a:26:3c:f0 link state up
Apr 27 00:40:50 PkrVMf6wzjxy1lz kernel: [    6.082159] md: linear personality registered for level -1
Apr 27 00:40:50 PkrVMf6wzjxy1lz kernel: [    6.094566] md: multipath personality registered for level -4
Apr 27 00:40:50 PkrVMf6wzjxy1lz kernel: [    6.110839] md: raid0 personality registered for level 0
Apr 27 00:40:50 PkrVMf6wzjxy1lz kernel: [    6.122532] md: raid1 personality registered for level 1
Apr 27 00:40:50 PkrVMf6wzjxy1lz kernel: [    6.208952] raid6: sse2x1   gen()  3572 MB/s
Apr 27 00:40:50 PkrVMf6wzjxy1lz kernel: [    6.285504] raid6: sse2x1   xor()  2715 MB/s
Apr 27 00:40:50 PkrVMf6wzjxy1lz kernel: [    6.365526] raid6: sse2x2   gen()  4864 MB/s
Apr 27 00:40:50 PkrVMf6wzjxy1lz kernel: [    6.444532] raid6: sse2x2   xor()  3189 MB/s
Apr 27 00:40:50 PkrVMf6wzjxy1lz kernel: [    6.523940] raid6: sse2x4   gen()  5066 MB/s
Apr 27 00:40:50 PkrVMf6wzjxy1lz kernel: [    6.596032] raid6: sse2x4   xor()  3880 MB/s
Apr 27 00:40:50 PkrVMf6wzjxy1lz kernel: [    6.672231] raid6: avx2x1   gen()  7152 MB/s
Apr 27 00:40:50 PkrVMf6wzjxy1lz kernel: [    6.744067] raid6: avx2x2   gen()  8321 MB/s
Apr 27 00:40:50 PkrVMf6wzjxy1lz kernel: [    6.821296] raid6: avx2x4   gen() 10326 MB/s
Apr 27 00:40:50 PkrVMf6wzjxy1lz kernel: [    6.829075] raid6: using algorithm avx2x4 gen() 10326 MB/s
Apr 27 00:40:50 PkrVMf6wzjxy1lz kernel: [    6.838432] raid6: using avx2x2 recovery algorithm
Apr 27 00:40:50 PkrVMf6wzjxy1lz kernel: [    6.848206] xor: automatically using best checksumming function:
Apr 27 00:40:50 PkrVMf6wzjxy1lz kernel: [    6.900025]    avx       : 24773.000 MB/sec
Apr 27 00:40:50 PkrVMf6wzjxy1lz kernel: [    6.909277] async_tx: api initialized (async)
Apr 27 00:40:50 PkrVMf6wzjxy1lz kernel: [    6.930813] md: raid6 personality registered for level 6
Apr 27 00:40:50 PkrVMf6wzjxy1lz kernel: [    6.940018] md: raid5 personality registered for level 5
Apr 27 00:40:50 PkrVMf6wzjxy1lz kernel: [    6.949239] md: raid4 personality registered for level 4
Apr 27 00:40:50 PkrVMf6wzjxy1lz kernel: [    6.982978] md: raid10 personality registered for level 10
Apr 27 00:40:50 PkrVMf6wzjxy1lz kernel: [    7.070122] Btrfs loaded
Apr 27 00:40:50 PkrVMf6wzjxy1lz kernel: [    7.204099] blk_update_request: I/O error, dev fd0, sector 0
Apr 27 00:40:50 PkrVMf6wzjxy1lz kernel: [    7.208024] floppy: error -5 while reading block 0
Apr 27 00:40:50 PkrVMf6wzjxy1lz kernel: [    7.260251] random: nonblocking pool is initialized
Apr 27 00:40:50 PkrVMf6wzjxy1lz kernel: [    7.428338] EXT4-fs (sda1): mounted filesystem with ordered data mode. Opts: (null)
Apr 27 00:40:50 PkrVMf6wzjxy1lz kernel: [    9.376081] psmouse serio1: trackpoint: IBM TrackPoint firmware: 0x01, buttons: 0/0
Apr 27 00:40:50 PkrVMf6wzjxy1lz kernel: [    9.393195] input: TPPS/2 IBM TrackPoint as /devices/platform/i8042/serio1/input/input3
Apr 27 00:40:50 PkrVMf6wzjxy1lz kernel: [    9.406818] input: AT Translated Set 2 keyboard as /devices/LNXSYSTM:00/LNXSYBUS:00/PNP0A03:00/device:07/VMBUS:01/d34b2567-b9b6-42b9-8778-0a4ec0b955bf/serio2/input/input5
Apr 27 00:40:50 PkrVMf6wzjxy1lz kernel: [   11.668072] blk_update_request: I/O error, dev fd0, sector 0
Apr 27 00:40:50 PkrVMf6wzjxy1lz kernel: [   11.672009] floppy: error -5 while reading block 0
Apr 27 00:40:50 PkrVMf6wzjxy1lz kernel: [   13.945293] EXT4-fs (sda1): re-mounted. Opts: discard
Apr 27 00:40:50 PkrVMf6wzjxy1lz kernel: [   14.085289] Loading iSCSI transport class v2.0-870.
Apr 27 00:40:50 PkrVMf6wzjxy1lz kernel: [   14.308217] iscsi: registered transport (tcp)
Apr 27 00:40:50 PkrVMf6wzjxy1lz kernel: [   14.647861] iscsi: registered transport (iser)
Apr 27 00:40:50 PkrVMf6wzjxy1lz kernel: [   16.054471] piix4_smbus 0000:00:07.3: SMBus base address uninitialized - upgrade BIOS or use force_addr=0xaddr
Apr 27 00:40:50 PkrVMf6wzjxy1lz kernel: [   16.500879] intel_rapl: no valid rapl domains found in package 0
Apr 27 00:40:50 PkrVMf6wzjxy1lz kernel: [   16.537145] intel_rapl: no valid rapl domains found in package 0
Apr 27 00:40:50 PkrVMf6wzjxy1lz kernel: [   17.971061] audit: type=1400 audit(1493253619.806:2): apparmor="STATUS" operation="profile_load" profile="unconfined" name="/sbin/dhclient" pid=635 comm="apparmor_parser"
Apr 27 00:40:50 PkrVMf6wzjxy1lz kernel: [   17.971336] audit: type=1400 audit(1493253619.806:3): apparmor="STATUS" operation="profile_load" profile="unconfined" name="/usr/lib/NetworkManager/nm-dhcp-client.action" pid=635 comm="apparmor_parser"
Apr 27 00:40:50 PkrVMf6wzjxy1lz kernel: [   17.971616] audit: type=1400 audit(1493253619.806:4): apparmor="STATUS" operation="profile_load" profile="unconfined" name="/usr/lib/NetworkManager/nm-dhcp-helper" pid=635 comm="apparmor_parser"
Apr 27 00:40:50 PkrVMf6wzjxy1lz kernel: [   17.971862] audit: type=1400 audit(1493253619.806:5): apparmor="STATUS" operation="profile_load" profile="unconfined" name="/usr/lib/connman/scripts/dhclient-script" pid=635 comm="apparmor_parser"
Apr 27 00:40:50 PkrVMf6wzjxy1lz kernel: [   18.002405] audit: type=1400 audit(1493253619.830:6): apparmor="STATUS" operation="profile_load" profile="unconfined" name="/usr/bin/lxc-start" pid=673 comm="apparmor_parser"
Apr 27 00:40:50 PkrVMf6wzjxy1lz kernel: [   18.165867] audit: type=1400 audit(1493253619.998:7): apparmor="STATUS" operation="profile_load" profile="unconfined" name="/usr/lib/lxd/lxd-bridge-proxy" pid=675 comm="apparmor_parser"
Apr 27 00:40:50 PkrVMf6wzjxy1lz kernel: [   18.214004] audit: type=1400 audit(1493253620.046:8): apparmor="STATUS" operation="profile_load" profile="unconfined" name="lxc-container-default" pid=634 comm="apparmor_parser"
Apr 27 00:40:50 PkrVMf6wzjxy1lz kernel: [   18.214388] audit: type=1400 audit(1493253620.046:9): apparmor="STATUS" operation="profile_load" profile="unconfined" name="lxc-container-default-cgns" pid=634 comm="apparmor_parser"
Apr 27 00:40:50 PkrVMf6wzjxy1lz kernel: [   18.214746] audit: type=1400 audit(1493253620.046:10): apparmor="STATUS" operation="profile_load" profile="unconfined" name="lxc-container-default-with-mounting" pid=634 comm="apparmor_parser"
Apr 27 00:40:50 PkrVMf6wzjxy1lz kernel: [   18.215120] audit: type=1400 audit(1493253620.046:11): apparmor="STATUS" operation="profile_load" profile="unconfined" name="lxc-container-default-with-nesting" pid=634 comm="apparmor_parser"
Apr 27 00:40:50 PkrVMf6wzjxy1lz kernel: [   18.776030] sd 3:0:1:0: [storvsc] Sense Key : Illegal Request [current] 
Apr 27 00:40:50 PkrVMf6wzjxy1lz kernel: [   18.776031] sd 2:0:0:0: [storvsc] Sense Key : Illegal Request [current] 
Apr 27 00:40:50 PkrVMf6wzjxy1lz kernel: [   18.776034] sd 2:0:0:0: [storvsc] Add. Sense: Invalid command operation code
Apr 27 00:40:50 PkrVMf6wzjxy1lz kernel: [   18.776036] sd 3:0:1:0: [storvsc] Add. Sense: Invalid command operation code
Apr 27 00:40:50 PkrVMf6wzjxy1lz kernel: [   18.776172] sd 2:0:0:0: [storvsc] Sense Key : Illegal Request [current] 
Apr 27 00:40:50 PkrVMf6wzjxy1lz kernel: [   18.776174] sd 3:0:1:0: [storvsc] Sense Key : Illegal Request [current] 
Apr 27 00:40:50 PkrVMf6wzjxy1lz kernel: [   18.776176] sd 2:0:0:0: [storvsc] Add. Sense: Invalid command operation code
Apr 27 00:40:50 PkrVMf6wzjxy1lz kernel: [   18.776177] sd 3:0:1:0: [storvsc] Add. Sense: Invalid command operation code
Apr 27 00:40:50 PkrVMf6wzjxy1lz kernel: [   29.040103] blk_update_request: I/O error, dev fd0, sector 0
Apr 27 00:40:50 PkrVMf6wzjxy1lz kernel: [   29.044033] floppy: error -5 while reading block 0
Apr 27 00:40:50 PkrVMf6wzjxy1lz kernel: [   29.104110] blk_update_request: I/O error, dev fd0, sector 0
Apr 27 00:40:50 PkrVMf6wzjxy1lz kernel: [   29.108031] floppy: error -5 while reading block 0
Apr 27 00:40:50 PkrVMf6wzjxy1lz kernel: [   29.277591] UDF-fs: INFO Mounting volume 'rd_rdfe_stable.170412-1045', timestamp 2017/04/27 00:38 (1000)
Apr 27 00:40:50 PkrVMf6wzjxy1lz kernel: [   40.741704] EXT4-fs (sda1): resizing filesystem from 576000 to 7864059 blocks
Apr 27 00:40:50 PkrVMf6wzjxy1lz kernel: [   40.781751] EXT4-fs (sda1): resized filesystem to 7864059
Apr 27 00:40:50 PkrVMf6wzjxy1lz kernel: [   41.342489]  sdb: sdb1
Apr 27 00:40:50 PkrVMf6wzjxy1lz kernel: [   44.033393] EXT4-fs (sdb1): mounted filesystem with ordered data mode. Opts: (null)
Apr 27 00:40:50 PkrVMf6wzjxy1lz kernel: [   47.159687] cgroup: new mount options do not match the existing superblock, will be ignored
Apr 27 00:40:50 PkrVMf6wzjxy1lz systemd[1]: Started System Logging Service.
Apr 27 00:40:50 PkrVMf6wzjxy1lz systemd[1]: Started LSB: Record successful boot for GRUB.
Apr 27 00:40:50 PkrVMf6wzjxy1lz systemd[1]: Started LSB: MD monitoring daemon.
Apr 27 00:40:50 PkrVMf6wzjxy1lz systemd[1]: Started Permit User Sessions.
Apr 27 00:40:50 PkrVMf6wzjxy1lz systemd[1]: Started LSB: Set the CPU Frequency Scaling governor to "ondemand".
Apr 27 00:40:50 PkrVMf6wzjxy1lz irqbalance[1422]:  * Starting SMP IRQ Balancer: irqbalance
Apr 27 00:40:50 PkrVMf6wzjxy1lz systemd[1]: Starting Hold until boot process finishes up...
Apr 27 00:40:50 PkrVMf6wzjxy1lz systemd[1]: Starting Terminate Plymouth Boot Screen...
Apr 27 00:40:50 PkrVMf6wzjxy1lz systemd[1]: Started Hold until boot process finishes up.
Apr 27 00:40:50 PkrVMf6wzjxy1lz systemd[1]: Started Terminate Plymouth Boot Screen.
Apr 27 00:40:50 PkrVMf6wzjxy1lz systemd[1]: Started Getty on tty1.
Apr 27 00:40:50 PkrVMf6wzjxy1lz systemd[1]: Started Serial Getty on ttyS0.
Apr 27 00:40:50 PkrVMf6wzjxy1lz systemd[1]: Reached target Login Prompts.
Apr 27 00:40:50 PkrVMf6wzjxy1lz systemd[1]: Starting Set console scheme...
Apr 27 00:40:50 PkrVMf6wzjxy1lz irqbalance[1422]:    ...done.
Apr 27 00:40:50 PkrVMf6wzjxy1lz systemd[1]: Started LSB: daemon to balance interrupts for SMP systems.
Apr 27 00:40:51 PkrVMf6wzjxy1lz systemd[1]: Started Set console scheme.
Apr 27 00:40:51 PkrVMf6wzjxy1lz apport[1441]:  * Starting automatic crash report generation: apport
Apr 27 00:40:51 PkrVMf6wzjxy1lz apport[1441]:    ...done.
Apr 27 00:40:51 PkrVMf6wzjxy1lz systemd[1]: Started LSB: automatic crash report generation.
Apr 27 00:40:51 PkrVMf6wzjxy1lz dbus[1323]: [system] Activating via systemd: service name='org.freedesktop.PolicyKit1' unit='polkitd.service'
Apr 27 00:40:51 PkrVMf6wzjxy1lz systemd[1]: Starting Authenticate and Authorize Users to Run Privileged Tasks...
Apr 27 00:40:51 PkrVMf6wzjxy1lz systemd[1]: Time has been changed
Apr 27 00:40:51 PkrVMf6wzjxy1lz systemd[1]: apt-daily.timer: Adding 3h 44min 19.449150s random time.
Apr 27 00:40:51 PkrVMf6wzjxy1lz systemd[1]: snapd.refresh.timer: Adding 4h 38min 33.982994s random time.
Apr 27 00:40:51 PkrVMf6wzjxy1lz systemd[1]: snapd.refresh.timer: Adding 37min 50.057758s random time.
Apr 27 00:40:51 PkrVMf6wzjxy1lz systemd[1]: Started Thermal Daemon Service.
Apr 27 00:40:51 PkrVMf6wzjxy1lz polkitd[1523]: started daemon version 0.105 using authority implementation `local' version `0.105'
Apr 27 00:40:51 PkrVMf6wzjxy1lz dbus[1323]: [system] Successfully activated service 'org.freedesktop.PolicyKit1'
Apr 27 00:40:51 PkrVMf6wzjxy1lz systemd[1]: Started Authenticate and Authorize Users to Run Privileged Tasks.
Apr 27 00:40:51 PkrVMf6wzjxy1lz thermald[1354]: NO RAPL sysfs present
Apr 27 00:40:51 PkrVMf6wzjxy1lz thermald[1354]: 13 CPUID levels; family:model:stepping 0x6:3f:2 (6:63:2)
Apr 27 00:40:51 PkrVMf6wzjxy1lz thermald[1354]:  Need Linux PowerCap sysfs
Apr 27 00:40:51 PkrVMf6wzjxy1lz accounts-daemon[1366]: started daemon version 0.6.40
Apr 27 00:40:51 PkrVMf6wzjxy1lz systemd[1]: Started Accounts Service.
Apr 27 00:40:51 PkrVMf6wzjxy1lz cloud-init[1341]: Generating locales (this might take a while)...
Apr 27 00:40:51 PkrVMf6wzjxy1lz thermald[1354]: Unsupported cpu model, use thermal-conf.xml file or run with --ignore-cpuid-check
Apr 27 00:40:51 PkrVMf6wzjxy1lz thermald[1354]: THD engine start failed
Apr 27 00:40:52 PkrVMf6wzjxy1lz python3[1167]: 2017/04/27 00:40:52.323076 INFO ssh host key found at: /etc/ssh/ssh_host_rsa_key.pub
Apr 27 00:40:52 PkrVMf6wzjxy1lz python3[1167]: 2017/04/27 00:40:52.341930 INFO Thumbprint obtained from : /etc/ssh/ssh_host_rsa_key.pub
Apr 27 00:40:52 PkrVMf6wzjxy1lz python3[1167]: 2017/04/27 00:40:52.357723 INFO Finished provisioning
Apr 27 00:40:52 PkrVMf6wzjxy1lz /usr/lib/snapd/snapd[1306]: daemon.go:250: DEBUG: init done in 552.764s
Apr 27 00:40:52 PkrVMf6wzjxy1lz /usr/lib/snapd/snapd[1306]: daemon.go:251: started snapd/2.22.6 (series 16; classic) ubuntu/16.04 (amd64) linux/4.4.0-71-generic.
Apr 27 00:40:52 PkrVMf6wzjxy1lz snapd[1306]: 2017/04/27 00:40:52.481197 daemon.go:251: started snapd/2.22.6 (series 16; classic) ubuntu/16.04 (amd64) linux/4.4.0-71-generic.
Apr 27 00:40:52 PkrVMf6wzjxy1lz pollinate[1352]: client verified challenge/response with [https://entropy.ubuntu.com/]
Apr 27 00:40:53 PkrVMf6wzjxy1lz pollinate[1352]: client hashed response from [https://entropy.ubuntu.com/]
Apr 27 00:40:53 PkrVMf6wzjxy1lz pollinate[1352]: client successfully seeded [/dev/urandom]
Apr 27 00:40:53 PkrVMf6wzjxy1lz systemd[1]: Started Pollinate to seed the pseudo random number generator.
Apr 27 00:40:53 PkrVMf6wzjxy1lz systemd[1]: Starting OpenBSD Secure Shell server...
Apr 27 00:40:53 PkrVMf6wzjxy1lz systemd[1]: Started OpenBSD Secure Shell server.
Apr 27 00:40:53 PkrVMf6wzjxy1lz systemd[1]: Started LXD - container startup/shutdown.
Apr 27 00:40:54 PkrVMf6wzjxy1lz cloud-init[1341]:   en_US.UTF-8... done
Apr 27 00:40:54 PkrVMf6wzjxy1lz cloud-init[1341]: Generation complete.
Apr 27 00:40:54 PkrVMf6wzjxy1lz systemd[1]: Stopping OpenBSD Secure Shell server...
Apr 27 00:40:54 PkrVMf6wzjxy1lz systemd[1]: Stopped OpenBSD Secure Shell server.
Apr 27 00:40:54 PkrVMf6wzjxy1lz systemd[1]: Starting OpenBSD Secure Shell server...
Apr 27 00:40:54 PkrVMf6wzjxy1lz systemd[1]: Started OpenBSD Secure Shell server.
Apr 27 00:40:55 PkrVMf6wzjxy1lz python3[1167]: 2017/04/27 00:40:55.202903 INFO Event: name=WALA, op=Provision, message=Provision succeed
Apr 27 00:40:55 PkrVMf6wzjxy1lz python3[1167]: 2017/04/27 00:40:55.221360 INFO RDMA capabilities are not enabled, skipping
Apr 27 00:40:55 PkrVMf6wzjxy1lz python3[1167]: 2017/04/27 00:40:55.234187 INFO Installed Agent WALinuxAgent-2.2.6 is the most current agent
Apr 27 00:40:55 PkrVMf6wzjxy1lz python3[1167]: 2017/04/27 00:40:55.263763 INFO Agent WALinuxAgent-2.2.6 launched with command 'python3 -u /usr/sbin/waagent -run-exthandlers'
Apr 27 00:40:55 PkrVMf6wzjxy1lz python3[1167]: 2017/04/27 00:40:55.546025 INFO Agent WALinuxAgent-2.2.6 is running as the goal state agent
Apr 27 00:40:55 PkrVMf6wzjxy1lz python3[1167]: 2017/04/27 00:40:55.571662 INFO Wire server endpoint:100.116.26.11
Apr 27 00:40:55 PkrVMf6wzjxy1lz python3[1167]: 2017/04/27 00:40:55.592599 INFO Event: name=WALinuxAgent-2.2.6, op=HeartBeat, message=
Apr 27 00:40:55 PkrVMf6wzjxy1lz python3[1167]: 2017/04/27 00:40:55.595740 INFO Start env monitor service.
Apr 27 00:40:55 PkrVMf6wzjxy1lz python3[1167]: 2017/04/27 00:40:55.637608 INFO Configure routes
Apr 27 00:40:55 PkrVMf6wzjxy1lz python3[1167]: 2017/04/27 00:40:55.647361 INFO Gateway:None
Apr 27 00:40:55 PkrVMf6wzjxy1lz python3[1167]: 2017/04/27 00:40:55.659429 INFO Routes:None
Apr 27 00:40:55 PkrVMf6wzjxy1lz python3[1167]: 2017/04/27 00:40:55.674190 WARNING Hostname record does not exist, creating [/var/lib/waagent/published_hostname] with hostname [PkrVMf6wzjxy1lz]
Apr 27 00:40:55 PkrVMf6wzjxy1lz python3[1167]: 2017/04/27 00:40:55.710366 INFO WALinuxAgent-2.2.6 running as process 1586
Apr 27 00:40:55 PkrVMf6wzjxy1lz python3[1167]: 2017/04/27 00:40:55.711604 INFO Set block dev timeout: sda with timeout: 300
Apr 27 00:40:55 PkrVMf6wzjxy1lz python3[1167]: 2017/04/27 00:40:55.726136 INFO Checking for agent family Prod updates
Apr 27 00:40:55 PkrVMf6wzjxy1lz python3[1167]: 2017/04/27 00:40:55.745989 INFO Set block dev timeout: sdb with timeout: 300
Apr 27 00:40:55 PkrVMf6wzjxy1lz python3[1167]: 2017/04/27 00:40:55.747339 INFO Wire server endpoint:100.116.26.11
Apr 27 00:40:55 PkrVMf6wzjxy1lz python3[1167]: 2017/04/27 00:40:55.887398 INFO Instantiating Agent WALinuxAgent-2.2.10 from package
Apr 27 00:40:55 PkrVMf6wzjxy1lz python3[1167]: 2017/04/27 00:40:55.896502 INFO Agent WALinuxAgent-2.2.10 error state: Last Failure: 0.0, Total Failures: 0, Fatal: False
Apr 27 00:40:55 PkrVMf6wzjxy1lz python3[1167]: 2017/04/27 00:40:55.898060 INFO Ensuring Agent WALinuxAgent-2.2.10 is downloaded
Apr 27 00:40:55 PkrVMf6wzjxy1lz python3[1167]: 2017/04/27 00:40:55.950560 INFO Agent WALinuxAgent-2.2.10 downloaded from https://rdfepirv2am2prdstr02.blob.core.windows.net/7d89d439b79f4452950452399add2c90/Microsoft.OSTCLinuxAgent__Prod__2.2.10
Apr 27 00:40:55 PkrVMf6wzjxy1lz python3[1167]: 2017/04/27 00:40:55.992693 INFO Agent WALinuxAgent-2.2.10 unpacked successfully to /var/lib/waagent/WALinuxAgent-2.2.10
Apr 27 00:40:55 PkrVMf6wzjxy1lz python3[1167]: 2017/04/27 00:40:55.995355 INFO Agent WALinuxAgent-2.2.10 loaded manifest from /var/lib/waagent/WALinuxAgent-2.2.10/HandlerManifest.json
Apr 27 00:40:55 PkrVMf6wzjxy1lz python3[1167]: 2017/04/27 00:40:55.996862 INFO Agent WALinuxAgent-2.2.10 error state: Last Failure: 0.0, Total Failures: 0, Fatal: False
Apr 27 00:40:56 PkrVMf6wzjxy1lz python3[1167]: 2017/04/27 00:40:56.006736 INFO Agent WALinuxAgent-2.2.10 downloaded successfully
Apr 27 00:40:56 PkrVMf6wzjxy1lz python3[1167]: 2017/04/27 00:40:56.015441 INFO Event: name=WALinuxAgent, op=Install, message=Agent WALinuxAgent-2.2.10 downloaded successfully
Apr 27 00:40:56 PkrVMf6wzjxy1lz python3[1167]: 2017/04/27 00:40:56.017653 INFO Instantiating Agent WALinuxAgent-2.2.7 from package
Apr 27 00:40:56 PkrVMf6wzjxy1lz python3[1167]: 2017/04/27 00:40:56.020535 INFO Agent WALinuxAgent-2.2.7 error state: Last Failure: 0.0, Total Failures: 0, Fatal: False
Apr 27 00:40:56 PkrVMf6wzjxy1lz python3[1167]: 2017/04/27 00:40:56.029088 INFO Ensuring Agent WALinuxAgent-2.2.7 is downloaded
Apr 27 00:40:56 PkrVMf6wzjxy1lz python3[1167]: 2017/04/27 00:40:56.080092 INFO Agent WALinuxAgent-2.2.7 downloaded from https://rdfepirv2am2prdstr02.blob.core.windows.net/7d89d439b79f4452950452399add2c90/Microsoft.OSTCLinuxAgent__Prod__2.2.7
